Archive member included to satisfy reference by file (symbol)

C:/ST/STM32CubeIDE_1.13.2/STM32CubeIDE/plugins/com.st.stm32cube.ide.mcu.externaltools.gnu-tools-for-stm32.12.3.rel1.win32_1.0.100.202403111256/tools/bin/../lib/gcc/arm-none-eabi/12.3.1/../../../../arm-none-eabi/lib/thumb/v7e-m+fp/hard\libc_nano.a(libc_a-exit.o)
                              C:/ST/STM32CubeIDE_1.13.2/STM32CubeIDE/plugins/com.st.stm32cube.ide.mcu.externaltools.gnu-tools-for-stm32.12.3.rel1.win32_1.0.100.202403111256/tools/bin/../lib/gcc/arm-none-eabi/12.3.1/../../../../arm-none-eabi/lib/thumb/v7e-m+fp/hard/crt0.o (exit)
C:/ST/STM32CubeIDE_1.13.2/STM32CubeIDE/plugins/com.st.stm32cube.ide.mcu.externaltools.gnu-tools-for-stm32.12.3.rel1.win32_1.0.100.202403111256/tools/bin/../lib/gcc/arm-none-eabi/12.3.1/../../../../arm-none-eabi/lib/thumb/v7e-m+fp/hard\libc_nano.a(libc_a-findfp.o)
                              C:/ST/STM32CubeIDE_1.13.2/STM32CubeIDE/plugins/com.st.stm32cube.ide.mcu.externaltools.gnu-tools-for-stm32.12.3.rel1.win32_1.0.100.202403111256/tools/bin/../lib/gcc/arm-none-eabi/12.3.1/../../../../arm-none-eabi/lib/thumb/v7e-m+fp/hard\libc_nano.a(libc_a-exit.o) (__stdio_exit_handler)
C:/ST/STM32CubeIDE_1.13.2/STM32CubeIDE/plugins/com.st.stm32cube.ide.mcu.externaltools.gnu-tools-for-stm32.12.3.rel1.win32_1.0.100.202403111256/tools/bin/../lib/gcc/arm-none-eabi/12.3.1/../../../../arm-none-eabi/lib/thumb/v7e-m+fp/hard\libc_nano.a(libc_a-fwalk.o)
                              C:/ST/STM32CubeIDE_1.13.2/STM32CubeIDE/plugins/com.st.stm32cube.ide.mcu.externaltools.gnu-tools-for-stm32.12.3.rel1.win32_1.0.100.202403111256/tools/bin/../lib/gcc/arm-none-eabi/12.3.1/../../../../arm-none-eabi/lib/thumb/v7e-m+fp/hard\libc_nano.a(libc_a-findfp.o) (_fwalk_sglue)
C:/ST/STM32CubeIDE_1.13.2/STM32CubeIDE/plugins/com.st.stm32cube.ide.mcu.externaltools.gnu-tools-for-stm32.12.3.rel1.win32_1.0.100.202403111256/tools/bin/../lib/gcc/arm-none-eabi/12.3.1/../../../../arm-none-eabi/lib/thumb/v7e-m+fp/hard\libc_nano.a(libc_a-printf.o)
                              ./Core/Src/main.o (printf)
C:/ST/STM32CubeIDE_1.13.2/STM32CubeIDE/plugins/com.st.stm32cube.ide.mcu.externaltools.gnu-tools-for-stm32.12.3.rel1.win32_1.0.100.202403111256/tools/bin/../lib/gcc/arm-none-eabi/12.3.1/../../../../arm-none-eabi/lib/thumb/v7e-m+fp/hard\libc_nano.a(libc_a-puts.o)
                              ./Core/Src/app_bluenrg.o (puts)
C:/ST/STM32CubeIDE_1.13.2/STM32CubeIDE/plugins/com.st.stm32cube.ide.mcu.externaltools.gnu-tools-for-stm32.12.3.rel1.win32_1.0.100.202403111256/tools/bin/../lib/gcc/arm-none-eabi/12.3.1/../../../../arm-none-eabi/lib/thumb/v7e-m+fp/hard\libc_nano.a(libc_a-stdio.o)
                              C:/ST/STM32CubeIDE_1.13.2/STM32CubeIDE/plugins/com.st.stm32cube.ide.mcu.externaltools.gnu-tools-for-stm32.12.3.rel1.win32_1.0.100.202403111256/tools/bin/../lib/gcc/arm-none-eabi/12.3.1/../../../../arm-none-eabi/lib/thumb/v7e-m+fp/hard\libc_nano.a(libc_a-findfp.o) (__sread)
C:/ST/STM32CubeIDE_1.13.2/STM32CubeIDE/plugins/com.st.stm32cube.ide.mcu.externaltools.gnu-tools-for-stm32.12.3.rel1.win32_1.0.100.202403111256/tools/bin/../lib/gcc/arm-none-eabi/12.3.1/../../../../arm-none-eabi/lib/thumb/v7e-m+fp/hard\libc_nano.a(libc_a-wbuf.o)
                              C:/ST/STM32CubeIDE_1.13.2/STM32CubeIDE/plugins/com.st.stm32cube.ide.mcu.externaltools.gnu-tools-for-stm32.12.3.rel1.win32_1.0.100.202403111256/tools/bin/../lib/gcc/arm-none-eabi/12.3.1/../../../../arm-none-eabi/lib/thumb/v7e-m+fp/hard\libc_nano.a(libc_a-puts.o) (__swbuf_r)
C:/ST/STM32CubeIDE_1.13.2/STM32CubeIDE/plugins/com.st.stm32cube.ide.mcu.externaltools.gnu-tools-for-stm32.12.3.rel1.win32_1.0.100.202403111256/tools/bin/../lib/gcc/arm-none-eabi/12.3.1/../../../../arm-none-eabi/lib/thumb/v7e-m+fp/hard\libc_nano.a(libc_a-wsetup.o)
                              C:/ST/STM32CubeIDE_1.13.2/STM32CubeIDE/plugins/com.st.stm32cube.ide.mcu.externaltools.gnu-tools-for-stm32.12.3.rel1.win32_1.0.100.202403111256/tools/bin/../lib/gcc/arm-none-eabi/12.3.1/../../../../arm-none-eabi/lib/thumb/v7e-m+fp/hard\libc_nano.a(libc_a-puts.o) (__swsetup_r)
C:/ST/STM32CubeIDE_1.13.2/STM32CubeIDE/plugins/com.st.stm32cube.ide.mcu.externaltools.gnu-tools-for-stm32.12.3.rel1.win32_1.0.100.202403111256/tools/bin/../lib/gcc/arm-none-eabi/12.3.1/../../../../arm-none-eabi/lib/thumb/v7e-m+fp/hard\libc_nano.a(libc_a-memset.o)
                              C:/ST/STM32CubeIDE_1.13.2/STM32CubeIDE/plugins/com.st.stm32cube.ide.mcu.externaltools.gnu-tools-for-stm32.12.3.rel1.win32_1.0.100.202403111256/tools/bin/../lib/gcc/arm-none-eabi/12.3.1/../../../../arm-none-eabi/lib/thumb/v7e-m+fp/hard/crt0.o (memset)
C:/ST/STM32CubeIDE_1.13.2/STM32CubeIDE/plugins/com.st.stm32cube.ide.mcu.externaltools.gnu-tools-for-stm32.12.3.rel1.win32_1.0.100.202403111256/tools/bin/../lib/gcc/arm-none-eabi/12.3.1/../../../../arm-none-eabi/lib/thumb/v7e-m+fp/hard\libc_nano.a(libc_a-closer.o)
[...]
Memory Configuration

Name             Origin             Length             Attributes
RAM              0x20000000         0x00020000         xrw
FLASH            0x08000000         0x00080000         xr
*default*        0x00000000         0xffffffff

Linker script and memory map

LOAD C:/ST/STM32CubeIDE_1.13.2/STM32CubeIDE/plugins/com.st.stm32cube.ide.mcu.externaltools.gnu-tools-for-stm32.12.3.rel1.win32_1.0.100.202403111256/tools/bin/../lib/gcc/arm-none-eabi/12.3.1/thumb/v7e-m+fp/hard/crti.o
LOAD C:/ST/STM32CubeIDE_1.13.2/STM32CubeIDE/plugins/com.st.stm32cube.ide.mcu.externaltools.gnu-tools-for-stm32.12.3.rel1.win32_1.0.100.202403111256/tools/bin/../lib/gcc/arm-none-eabi/12.3.1/thumb/v7e-m+fp/hard/crtbegin.o
LOAD C:/ST/STM32CubeIDE_1.13.2/STM32CubeIDE/plugins/com.st.stm32cube.ide.mcu.externaltools.gnu-tools-for-stm32.12.3.rel1.win32_1.0.100.202403111256/tools/bin/../lib/gcc/arm-none-eabi/12.3.1/../../../../arm-none-eabi/lib/thumb/v7e-m+fp/hard/crt0.o
LOAD ./BlueNRG-2/Target/hci_tl_interface.o
LOAD ./Core/Src/app_bluenrg.o
LOAD ./Core/Src/custom_bus.o
LOAD ./Core/Src/main.o
LOAD ./Core/Src/stm32f4xx_hal_msp.o
LOAD ./Core/Src/stm32f4xx_it.o
LOAD ./Core/Src/syscalls.o
LOAD ./Core/Src/sysmem.o
LOAD ./Core/Src/system_stm32f4xx.o
LOAD ./Core/Startup/startup_stm32f411retx.o
LOAD ./Drivers/STM32F4xx_HAL_Driver/Src/stm32f4xx_hal.o
LOAD ./Drivers/STM32F4xx_HAL_Driver/Src/stm32f4xx_hal_cortex.o
LOAD ./Drivers/STM32F4xx_HAL_Driver/Src/stm32f4xx_hal_dma.o
LOAD ./Drivers/STM32F4xx_HAL_Driver/Src/stm32f4xx_hal_dma_ex.o
LOAD ./Drivers/STM32F4xx_HAL_Driver/Src/stm32f4xx_hal_exti.o
LOAD ./Drivers/STM32F4xx_HAL_Driver/Src/stm32f4xx_hal_flash.o
LOAD ./Drivers/STM32F4xx_HAL_Driver/Src/stm32f4xx_hal_flash_ex.o
LOAD ./Drivers/STM32F4xx_HAL_Driver/Src/stm32f4xx_hal_flash_ramfunc.o
LOAD ./Drivers/STM32F4xx_HAL_Driver/Src/stm32f4xx_hal_gpio.o
LOAD ./Drivers/STM32F4xx_HAL_Driver/Src/stm32f4xx_hal_pwr.o
LOAD ./Drivers/STM32F4xx_HAL_Driver/Src/stm32f4xx_hal_pwr_ex.o
LOAD ./Drivers/STM32F4xx_HAL_Driver/Src/stm32f4xx_hal_rcc.o
LOAD ./Drivers/STM32F4xx_HAL_Driver/Src/stm32f4xx_hal_rcc_ex.o
LOAD ./Drivers/STM32F4xx_HAL_Driver/Src/stm32f4xx_hal_spi.o
LOAD ./Drivers/STM32F4xx_HAL_Driver/Src/stm32f4xx_hal_tim.o
LOAD ./Drivers/STM32F4xx_HAL_Driver/Src/stm32f4xx_hal_tim_ex.o
LOAD ./Drivers/STM32F4xx_HAL_Driver/Src/stm32f4xx_hal_uart.o
LOAD ./Middlewares/ST/BlueNRG-2/hci/bluenrg1_devConfig.o
LOAD ./Middlewares/ST/BlueNRG-2/hci/bluenrg1_events.o
LOAD ./Middlewares/ST/BlueNRG-2/hci/bluenrg1_events_cb.o
LOAD ./Middlewares/ST/BlueNRG-2/hci/bluenrg1_hci_le.o
LOAD ./Middlewares/ST/BlueNRG-2/hci/controller/bluenrg1_gap_aci.o
LOAD ./Middlewares/ST/BlueNRG-2/hci/controller/bluenrg1_gatt_aci.o
LOAD ./Middlewares/ST/BlueNRG-2/hci/controller/bluenrg1_hal_aci.o
LOAD ./Middlewares/ST/BlueNRG-2/hci/controller/bluenrg1_l2cap_aci.o
LOAD ./Middlewares/ST/BlueNRG-2/hci/hci_tl_patterns/Basic/hci_tl.o
LOAD ./Middlewares/ST/BlueNRG-2/utils/ble_list.o
START GROUP
LOAD C:/ST/STM32CubeIDE_1.13.2/STM32CubeIDE/plugins/com.st.stm32cube.ide.mcu.externaltools.gnu-tools-for-stm32.12.3.rel1.win32_1.0.100.202403111256/tools/bin/../lib/gcc/arm-none-eabi/12.3.1/../../../../arm-none-eabi/lib/thumb/v7e-m+fp/hard\libc_nano.a
LOAD C:/ST/STM32CubeIDE_1.13.2/STM32CubeIDE/plugins/com.st.stm32cube.ide.mcu.externaltools.gnu-tools-for-stm32.12.3.rel1.win32_1.0.100.202403111256/tools/bin/../lib/gcc/arm-none-eabi/12.3.1/../../../../arm-none-eabi/lib/thumb/v7e-m+fp/hard\libm.a
END GROUP
START GROUP
LOAD C:/ST/STM32CubeIDE_1.13.2/STM32CubeIDE/plugins/com.st.stm32cube.ide.mcu.externaltools.gnu-tools-for-stm32.12.3.rel1.win32_1.0.100.202403111256/tools/bin/../lib/gcc/arm-none-eabi/12.3.1/thumb/v7e-m+fp/hard\libgcc.a
LOAD C:/ST/STM32CubeIDE_1.13.2/STM32CubeIDE/plugins/com.st.stm32cube.ide.mcu.externaltools.gnu-tools-for-stm32.12.3.rel1.win32_1.0.100.202403111256/tools/bin/../lib/gcc/arm-none-eabi/12.3.1/../../../../arm-none-eabi/lib/thumb/v7e-m+fp/hard\libc_nano.a
END GROUP
START GROUP
LOAD C:/ST/STM32CubeIDE_1.13.2/STM32CubeIDE/plugins/com.st.stm32cube.ide.mcu.externaltools.gnu-tools-for-stm32.12.3.rel1.win32_1.0.100.202403111256/tools/bin/../lib/gcc/arm-none-eabi/12.3.1/thumb/v7e-m+fp/hard\libgcc.a
LOAD C:/ST/STM32CubeIDE_1.13.2/STM32CubeIDE/plugins/com.st.stm32cube.ide.mcu.externaltools.gnu-tools-for-stm32.12.3.rel1.win32_1.0.100.202403111256/tools/bin/../lib/gcc/arm-none-eabi/12.3.1/../../../../arm-none-eabi/lib/thumb/v7e-m+fp/hard\libc_nano.a
LOAD C:/ST/STM32CubeIDE_1.13.2/STM32CubeIDE/plugins/com.st.stm32cube.ide.mcu.externaltools.gnu-tools-for-stm32.12.3.rel1.win32_1.0.100.202403111256/tools/bin/../lib/gcc/arm-none-eabi/12.3.1/../../../../arm-none-eabi/lib/thumb/v7e-m+fp/hard\libnosys.a
END GROUP
START GROUP
LOAD C:/ST/STM32CubeIDE_1.13.2/STM32CubeIDE/plugins/com.st.stm32cube.ide.mcu.externaltools.gnu-tools-for-stm32.12.3.rel1.win32_1.0.100.202403111256/tools/bin/../lib/gcc/arm-none-eabi/12.3.1/thumb/v7e-m+fp/hard\libgcc.a
LOAD C:/ST/STM32CubeIDE_1.13.2/STM32CubeIDE/plugins/com.st.stm32cube.ide.mcu.externaltools.gnu-tools-for-stm32.12.3.rel1.win32_1.0.100.202403111256/tools/bin/../lib/gcc/arm-none-eabi/12.3.1/../../../../arm-none-eabi/lib/thumb/v7e-m+fp/hard\libc_nano.a
LOAD C:/ST/STM32CubeIDE_1.13.2/STM32CubeIDE/plugins/com.st.stm32cube.ide.mcu.externaltools.gnu-tools-for-stm32.12.3.rel1.win32_1.0.100.202403111256/tools/bin/../lib/gcc/arm-none-eabi/12.3.1/../../../../arm-none-eabi/lib/thumb/v7e-m+fp/hard\libnosys.a
END GROUP
LOAD C:/ST/STM32CubeIDE_1.13.2/STM32CubeIDE/plugins/com.st.stm32cube.ide.mcu.externaltools.gnu-tools-for-stm32.12.3.rel1.win32_1.0.100.202403111256/tools/bin/../lib/gcc/arm-none-eabi/12.3.1/thumb/v7e-m+fp/hard/crtend.o
LOAD C:/ST/STM32CubeIDE_1.13.2/STM32CubeIDE/plugins/com.st.stm32cube.ide.mcu.externaltools.gnu-tools-for-stm32.12.3.rel1.win32_1.0.100.202403111256/tools/bin/../lib/gcc/arm-none-eabi/12.3.1/thumb/v7e-m+fp/hard/crtn.o
                0x20020000                        _estack = (ORIGIN (RAM) + LENGTH (RAM))
                0x00000200                        _Min_Heap_Size = 0x200
                0x00000400                        _Min_Stack_Size = 0x400

.isr_vector     0x08000000      0x198
                0x08000000                        . = ALIGN (0x4)
 *(.isr_vector)
 .isr_vector    0x08000000      0x198 ./Core/Startup/startup_stm32f411retx.o
                0x08000000                g_pfnVectors
                0x08000198                        . = ALIGN (0x4)

.text           0x080001a0     0x4ef4
                0x080001a0                        . = ALIGN (0x4)
 *(.text)
 .text          0x080001a0       0x40 C:/ST/STM32CubeIDE_1.13.2/STM32CubeIDE/plugins/com.st.stm32cube.ide.mcu.externaltools.gnu-tools-for-stm32.12.3.rel1.win32_1.0.100.202403111256/tools/bin/../lib/gcc/arm-none-eabi/12.3.1/thumb/v7e-m+fp/hard/crtbegin.o
 .text          0x080001e0       0x10 C:/ST/STM32CubeIDE_1.13.2/STM32CubeIDE/plugins/com.st.stm32cube.ide.mcu.externaltools.gnu-tools-for-stm32.12.3.rel1.win32_1.0.100.202403111256/tools/bin/../lib/gcc/arm-none-eabi/12.3.1/../../../../arm-none-eabi/lib/thumb/v7e-m+fp/hard\libc_nano.a(libc_a-strlen.o)
                0x080001e0                strlen
 .text          0x080001f0       0xa0 C:/ST/STM32CubeIDE_1.13.2/STM32CubeIDE/plugins/com.st.stm32cube.ide.mcu.externaltools.gnu-tools-for-stm32.12.3.rel1.win32_1.0.100.202403111256/tools/bin/../lib/gcc/arm-none-eabi/12.3.1/../../../../arm-none-eabi/lib/thumb/v7e-m+fp/hard\libc_nano.a(libc_a-memchr.o)
                0x080001f0                memchr
 .text          0x08000290       0x30 C:/ST/STM32CubeIDE_1.13.2/STM32CubeIDE/plugins/com.st.stm32cube.ide.mcu.externaltools.gnu-tools-for-stm32.12.3.rel1.win32_1.0.100.202403111256/tools/bin/../lib/gcc/arm-none-eabi/12.3.1/thumb/v7e-m+fp/hard\libgcc.a(_aeabi_uldivmod.o)
                0x08000290                __aeabi_uldivmod
 .text          0x080002c0      0x2bc C:/ST/STM32CubeIDE_1.13.2/STM32CubeIDE/plugins/com.st.stm32cube.ide.mcu.externaltools.gnu-tools-for-stm32.12.3.rel1.win32_1.0.100.202403111256/tools/bin/../lib/gcc/arm-none-eabi/12.3.1/thumb/v7e-m+fp/hard\libgcc.a(_udivmoddi4.o)
                0x080002c0                __udivmoddi4
 .text          0x0800057c        0x4 C:/ST/STM32CubeIDE_1.13.2/STM32CubeIDE/plugins/com.st.stm32cube.ide.mcu.externaltools.gnu-tools-for-stm32.12.3.rel1.win32_1.0.100.202403111256/tools/bin/../lib/gcc/arm-none-eabi/12.3.1/thumb/v7e-m+fp/hard\libgcc.a(_dvmd_tls.o)
                0x0800057c                __aeabi_idiv0
                0x0800057c                __aeabi_ldiv0
 *(.text*)
 .text.HCI_TL_SPI_Enable_IRQ
                0x08000580        0xe ./BlueNRG-2/Target/hci_tl_interface.o
 .text.HCI_TL_SPI_Disable_IRQ
                0x0800058e        0xe ./BlueNRG-2/Target/hci_tl_interface.o
 .text.HCI_TL_SPI_Init
                0x0800059c       0x98 ./BlueNRG-2/Target/hci_tl_interface.o
                0x0800059c                HCI_TL_SPI_Init
 .text.HCI_TL_SPI_DeInit
                0x08000634       0x28 ./BlueNRG-2/Target/hci_tl_interface.o
                0x08000634                HCI_TL_SPI_DeInit
 .text.HCI_TL_SPI_Reset
                0x0800065c       0x3c ./BlueNRG-2/Target/hci_tl_interface.o
                0x0800065c                HCI_TL_SPI_Reset
 .text.HCI_TL_SPI_Receive
                0x08000698       0xe0 ./BlueNRG-2/Target/hci_tl_interface.o
                0x08000698                HCI_TL_SPI_Receive
 .text.HCI_TL_SPI_Send
                0x08000778      0x118 ./BlueNRG-2/Target/hci_tl_interface.o
                0x08000778                HCI_TL_SPI_Send
 .text.IsDataAvailable
                0x08000890       0x20 ./BlueNRG-2/Target/hci_tl_interface.o
 .text.hci_tl_lowlevel_init
                0x080008b0       0x74 ./BlueNRG-2/Target/hci_tl_interface.o
                0x080008b0                hci_tl_lowlevel_init
 .text.hci_tl_lowlevel_isr
                0x08000924       0x22 ./BlueNRG-2/Target/hci_tl_interface.o
                0x08000924                hci_tl_lowlevel_isr
 *fill*         0x08000946        0x2 
 .text.bluenrg_init
                0x08000948       0xe8 ./Core/Src/app_bluenrg.o
                0x08000948                bluenrg_init
 .text.bluenrg_process
                0x08000a30       0x48 ./Core/Src/app_bluenrg.o
                0x08000a30                bluenrg_process
 .text.BSP_SPI1_Init
                0x08000a78       0x60 ./Core/Src/custom_bus.o
                0x08000a78                BSP_SPI1_Init
 .text.BSP_SPI1_SendRecv
                0x08000ad8       0x40 ./Core/Src/custom_bus.o
                0x08000ad8                BSP_SPI1_SendRecv
 .text.BSP_GetTick
                0x08000b18        0xe ./Core/Src/custom_bus.o
                0x08000b18                BSP_GetTick
 *fill*         0x08000b26        0x2 
 .text.MX_SPI1_Init
                0x08000b28       0x78 ./Core/Src/custom_bus.o
                0x08000b28                MX_SPI1_Init
 .text.SPI1_MspInit
                0x08000ba0       0xd0 ./Core/Src/custom_bus.o
 .text.__io_putchar
                0x08000c70       0x24 ./Core/Src/main.o
                0x08000c70                __io_putchar
 .text.main     0x08000c94       0x50 ./Core/Src/main.o
                0x08000c94                main
 .text.SystemClock_Config
                0x08000ce4       0xd0 ./Core/Src/main.o
                0x08000ce4                SystemClock_Config
 .text.MX_USART2_UART_Init
                0x08000db4       0x54 ./Core/Src/main.o
 .text.MX_GPIO_Init
                0x08000e08      0x11c ./Core/Src/main.o
 .text.Error_Handler
                0x08000f24        0xc ./Core/Src/main.o
                0x08000f24                Error_Handler
 .text.HAL_MspInit
                0x08000f30       0x50 ./Core/Src/stm32f4xx_hal_msp.o
                0x08000f30                HAL_MspInit
 .text.HAL_UART_MspInit
                0x08000f80       0x90 ./Core/Src/stm32f4xx_hal_msp.o
                0x08000f80                HAL_UART_MspInit
 .text.NMI_Handler
                0x08001010        0x8 ./Core/Src/stm32f4xx_it.o
                0x08001010                NMI_Handler
 .text.HardFault_Handler
                0x08001018        0x8 ./Core/Src/stm32f4xx_it.o
                0x08001018                HardFault_Handler
 .text.MemManage_Handler
                0x08001020        0x8 ./Core/Src/stm32f4xx_it.o
                0x08001020                MemManage_Handler
 .text.BusFault_Handler
                0x08001028        0x8 ./Core/Src/stm32f4xx_it.o
                0x08001028                BusFault_Handler
 .text.UsageFault_Handler
                0x08001030        0x8 ./Core/Src/stm32f4xx_it.o
                0x08001030                UsageFault_Handler
 .text.SVC_Handler
                0x08001038        0xe ./Core/Src/stm32f4xx_it.o
                0x08001038                SVC_Handler
 .text.DebugMon_Handler
                0x08001046        0xe ./Core/Src/stm32f4xx_it.o
                0x08001046                DebugMon_Handler
 .text.PendSV_Handler
                0x08001054        0xe ./Core/Src/stm32f4xx_it.o
                0x08001054                PendSV_Handler
 .text.SysTick_Handler
                0x08001062        0xc ./Core/Src/stm32f4xx_it.o
                0x08001062                SysTick_Handler
 *fill*         0x0800106e        0x2 
 .text.EXTI0_IRQHandler
                0x08001070       0x14 ./Core/Src/stm32f4xx_it.o
                0x08001070                EXTI0_IRQHandler
 .text.EXTI15_10_IRQHandler
                0x08001084       0x10 ./Core/Src/stm32f4xx_it.o
                0x08001084                EXTI15_10_IRQHandler
 .text._read    0x08001094       0x3a ./Core/Src/syscalls.o
                0x08001094                _read
 .text._write   0x080010ce       0x38 ./Core/Src/syscalls.o
                0x080010ce                _write
 .text._close   0x08001106       0x18 ./Core/Src/syscalls.o
                0x08001106                _close
 .text._fstat   0x0800111e       0x20 ./Core/Src/syscalls.o
                0x0800111e                _fstat
 .text._isatty  0x0800113e       0x16 ./Core/Src/syscalls.o
                0x0800113e                _isatty
 .text._lseek   0x08001154       0x1a ./Core/Src/syscalls.o
                0x08001154                _lseek
 *fill*         0x0800116e        0x2 
 .text._sbrk    0x08001170       0x6c ./Core/Src/sysmem.o
                0x08001170                _sbrk
 .text.SystemInit
                0x080011dc       0x24 ./Core/Src/system_stm32f4xx.o
                0x080011dc                SystemInit
 .text.Reset_Handler
                0x08001200       0x50 ./Core/Startup/startup_stm32f411retx.o
                0x08001200                Reset_Handler
 .text.Default_Handler
                0x08001250        0x2 ./Core/Startup/startup_stm32f411retx.o
                0x08001250                RTC_Alarm_IRQHandler
                0x08001250                EXTI2_IRQHandler
                0x08001250                SPI4_IRQHandler
                0x08001250                TIM1_CC_IRQHandler
                0x08001250                DMA2_Stream5_IRQHandler
                0x08001250                DMA1_Stream5_IRQHandler
                0x08001250                PVD_IRQHandler
                0x08001250                SDIO_IRQHandler
                0x08001250                TAMP_STAMP_IRQHandler
                0x08001250                EXTI3_IRQHandler
                0x08001250                TIM1_UP_TIM10_IRQHandler
                0x08001250                I2C3_ER_IRQHandler
                0x08001250                I2C2_EV_IRQHandler
                0x08001250                DMA1_Stream2_IRQHandler
                0x08001250                FPU_IRQHandler
                0x08001250                DMA2_Stream2_IRQHandler
                0x08001250                SPI1_IRQHandler
                0x08001250                TIM1_BRK_TIM9_IRQHandler
                0x08001250                DMA2_Stream3_IRQHandler
                0x08001250                USART6_IRQHandler
                0x08001250                DMA2_Stream0_IRQHandler
                0x08001250                TIM4_IRQHandler
                0x08001250                I2C1_EV_IRQHandler
                0x08001250                DMA1_Stream6_IRQHandler
                0x08001250                DMA1_Stream1_IRQHandler
                0x08001250                TIM3_IRQHandler
                0x08001250                RCC_IRQHandler
                0x08001250                Default_Handler
                0x08001250                ADC_IRQHandler
                0x08001250                DMA1_Stream7_IRQHandler
                0x08001250                SPI5_IRQHandler
                0x08001250                TIM5_IRQHandler
                0x08001250                DMA2_Stream7_IRQHandler
                0x08001250                I2C3_EV_IRQHandler
                0x08001250                EXTI9_5_IRQHandler
                0x08001250                RTC_WKUP_IRQHandler
                0x08001250                SPI2_IRQHandler
                0x08001250                DMA1_Stream0_IRQHandler
                0x08001250                EXTI4_IRQHandler
                0x08001250                WWDG_IRQHandler
                0x08001250                TIM2_IRQHandler
                0x08001250                OTG_FS_WKUP_IRQHandler
                0x08001250                TIM1_TRG_COM_TIM11_IRQHandler
                0x08001250                EXTI1_IRQHandler
                0x08001250                USART2_IRQHandler
                0x08001250                I2C2_ER_IRQHandler
                0x08001250                DMA2_Stream1_IRQHandler
                0x08001250                FLASH_IRQHandler
                0x08001250                DMA2_Stream4_IRQHandler
                0x08001250                USART1_IRQHandler
                0x08001250                OTG_FS_IRQHandler
                0x08001250                SPI3_IRQHandler
                0x08001250                DMA1_Stream4_IRQHandler
                0x08001250                I2C1_ER_IRQHandler
                0x08001250                DMA2_Stream6_IRQHandler
                0x08001250                DMA1_Stream3_IRQHandler
 *fill*         0x08001252        0x2 
 .text.HAL_Init
                0x08001254       0x44 ./Drivers/STM32F4xx_HAL_Driver/Src/stm32f4xx_hal.o
                0x08001254                HAL_Init
 .text.HAL_InitTick
                0x08001298       0x60 ./Drivers/STM32F4xx_HAL_Driver/Src/stm32f4xx_hal.o
                0x08001298                HAL_InitTick
 .text.HAL_IncTick
                0x080012f8       0x28 ./Drivers/STM32F4xx_HAL_Driver/Src/stm32f4xx_hal.o
                0x080012f8                HAL_IncTick
 .text.HAL_GetTick
                0x08001320       0x18 ./Drivers/STM32F4xx_HAL_Driver/Src/stm32f4xx_hal.o
                0x08001320                HAL_GetTick
 .text.HAL_Delay
                0x08001338       0x48 ./Drivers/STM32F4xx_HAL_Driver/Src/stm32f4xx_hal.o
                0x08001338                HAL_Delay
 .text.__NVIC_SetPriorityGrouping
                0x08001380       0x48 ./Drivers/STM32F4xx_HAL_Driver/Src/stm32f4xx_hal_cortex.o
 .text.__NVIC_GetPriorityGrouping
                0x080013c8       0x1c ./Drivers/STM32F4xx_HAL_Driver/Src/stm32f4xx_hal_cortex.o
 .text.__NVIC_EnableIRQ
                0x080013e4       0x3c ./Drivers/STM32F4xx_HAL_Driver/Src/stm32f4xx_hal_cortex.o
 .text.__NVIC_DisableIRQ
                0x08001420       0x48 ./Drivers/STM32F4xx_HAL_Driver/Src/stm32f4xx_hal_cortex.o
 .text.__NVIC_SetPriority
                0x08001468       0x54 ./Drivers/STM32F4xx_HAL_Driver/Src/stm32f4xx_hal_cortex.o
 .text.NVIC_EncodePriority
                0x080014bc       0x66 ./Drivers/STM32F4xx_HAL_Driver/Src/stm32f4xx_hal_cortex.o
 *fill*         0x08001522        0x2 
 .text.SysTick_Config
                0x08001524       0x44 ./Drivers/STM32F4xx_HAL_Driver/Src/stm32f4xx_hal_cortex.o
 .text.HAL_NVIC_SetPriorityGrouping
                0x08001568       0x16 ./Drivers/STM32F4xx_HAL_Driver/Src/stm32f4xx_hal_cortex.o
                0x08001568                HAL_NVIC_SetPriorityGrouping
 .text.HAL_NVIC_SetPriority
                0x0800157e       0x38 ./Drivers/STM32F4xx_HAL_Driver/Src/stm32f4xx_hal_cortex.o
                0x0800157e                HAL_NVIC_SetPriority
 .text.HAL_NVIC_EnableIRQ
                0x080015b6       0x1c ./Drivers/STM32F4xx_HAL_Driver/Src/stm32f4xx_hal_cortex.o
                0x080015b6                HAL_NVIC_EnableIRQ
 .text.HAL_NVIC_DisableIRQ
                0x080015d2       0x1c ./Drivers/STM32F4xx_HAL_Driver/Src/stm32f4xx_hal_cortex.o
                0x080015d2                HAL_NVIC_DisableIRQ
 .text.HAL_SYSTICK_Config
                0x080015ee       0x18 ./Drivers/STM32F4xx_HAL_Driver/Src/stm32f4xx_hal_cortex.o
                0x080015ee                HAL_SYSTICK_Config
 .text.HAL_EXTI_RegisterCallback
                0x08001606       0x34 ./Drivers/STM32F4xx_HAL_Driver/Src/stm32f4xx_hal_exti.o
                0x08001606                HAL_EXTI_RegisterCallback
 .text.HAL_EXTI_GetHandle
                0x0800163a       0x28 ./Drivers/STM32F4xx_HAL_Driver/Src/stm32f4xx_hal_exti.o
                0x0800163a                HAL_EXTI_GetHandle
 *fill*         0x08001662        0x2 
 .text.HAL_EXTI_IRQHandler
                0x08001664       0x48 ./Drivers/STM32F4xx_HAL_Driver/Src/stm32f4xx_hal_exti.o
                0x08001664                HAL_EXTI_IRQHandler
 .text.HAL_GPIO_Init
                0x080016ac      0x308 ./Drivers/STM32F4xx_HAL_Driver/Src/stm32f4xx_hal_gpio.o
                0x080016ac                HAL_GPIO_Init
 .text.HAL_GPIO_DeInit
                0x080019b4      0x1c8 ./Drivers/STM32F4xx_HAL_Driver/Src/stm32f4xx_hal_gpio.o
                0x080019b4                HAL_GPIO_DeInit
 .text.HAL_GPIO_ReadPin
                0x08001b7c       0x30 ./Drivers/STM32F4xx_HAL_Driver/Src/stm32f4xx_hal_gpio.o
                0x08001b7c                HAL_GPIO_ReadPin
 .text.HAL_GPIO_WritePin
                0x08001bac       0x32 ./Drivers/STM32F4xx_HAL_Driver/Src/stm32f4xx_hal_gpio.o
                0x08001bac                HAL_GPIO_WritePin
 *fill*         0x08001bde        0x2 
 .text.HAL_GPIO_EXTI_IRQHandler
                0x08001be0       0x30 ./Drivers/STM32F4xx_HAL_Driver/Src/stm32f4xx_hal_gpio.o
                0x08001be0                HAL_GPIO_EXTI_IRQHandler
 .text.HAL_GPIO_EXTI_Callback
                0x08001c10       0x16 ./Drivers/STM32F4xx_HAL_Driver/Src/stm32f4xx_hal_gpio.o
                0x08001c10                HAL_GPIO_EXTI_Callback
 *fill*         0x08001c26        0x2 
 .text.HAL_RCC_OscConfig
                0x08001c28      0x4f0 ./Drivers/STM32F4xx_HAL_Driver/Src/stm32f4xx_hal_rcc.o
                0x08001c28                HAL_RCC_OscConfig
 .text.HAL_RCC_ClockConfig
                0x08002118      0x1cc ./Drivers/STM32F4xx_HAL_Driver/Src/stm32f4xx_hal_rcc.o
                0x08002118                HAL_RCC_ClockConfig
 .text.HAL_RCC_GetSysClockFreq
                0x080022e4      0x20c ./Drivers/STM32F4xx_HAL_Driver/Src/stm32f4xx_hal_rcc.o
                0x080022e4                HAL_RCC_GetSysClockFreq
 .text.HAL_RCC_GetHCLKFreq
                0x080024f0       0x18 ./Drivers/STM32F4xx_HAL_Driver/Src/stm32f4xx_hal_rcc.o
                0x080024f0                HAL_RCC_GetHCLKFreq
 .text.HAL_RCC_GetPCLK1Freq
                0x08002508       0x28 ./Drivers/STM32F4xx_HAL_Driver/Src/stm32f4xx_hal_rcc.o
                0x08002508                HAL_RCC_GetPCLK1Freq
 .text.HAL_RCC_GetPCLK2Freq
                0x08002530       0x28 ./Drivers/STM32F4xx_HAL_Driver/Src/stm32f4xx_hal_rcc.o
                0x08002530                HAL_RCC_GetPCLK2Freq
 .text.HAL_SPI_Init
                0x08002558      0x112 ./Drivers/STM32F4xx_HAL_Driver/Src/stm32f4xx_hal_spi.o
                0x08002558                HAL_SPI_Init
 .text.HAL_SPI_MspInit
                0x0800266a       0x14 ./Drivers/STM32F4xx_HAL_Driver/Src/stm32f4xx_hal_spi.o
                0x0800266a                HAL_SPI_MspInit
 .text.HAL_SPI_TransmitReceive
                0x0800267e      0x360 ./Drivers/STM32F4xx_HAL_Driver/Src/stm32f4xx_hal_spi.o
                0x0800267e                HAL_SPI_TransmitReceive
 .text.HAL_SPI_GetState
                0x080029de       0x1c ./Drivers/STM32F4xx_HAL_Driver/Src/stm32f4xx_hal_spi.o
                0x080029de                HAL_SPI_GetState
 *fill*         0x080029fa        0x2 
 .text.SPI_WaitFlagStateUntilTimeout
                0x080029fc      0x110 ./Drivers/STM32F4xx_HAL_Driver/Src/stm32f4xx_hal_spi.o
 .text.SPI_EndRxTxTransaction
                0x08002b0c       0xa8 ./Drivers/STM32F4xx_HAL_Driver/Src/stm32f4xx_hal_spi.o
 .text.HAL_UART_Init
                0x08002bb4       0xa0 ./Drivers/STM32F4xx_HAL_Driver/Src/stm32f4xx_hal_uart.o
                0x08002bb4                HAL_UART_Init
 .text.HAL_UART_Transmit
                0x08002c54      0x116 ./Drivers/STM32F4xx_HAL_Driver/Src/stm32f4xx_hal_uart.o
                0x08002c54                HAL_UART_Transmit
 .text.UART_WaitOnFlagUntilTimeout
                0x08002d6a       0xb2 ./Drivers/STM32F4xx_HAL_Driver/Src/stm32f4xx_hal_uart.o
 .text.UART_EndRxTransfer
                0x08002e1c       0xc6 ./Drivers/STM32F4xx_HAL_Driver/Src/stm32f4xx_hal_uart.o
 *fill*         0x08002ee2        0x2 
 .text.UART_SetConfig
                0x08002ee4      0x4e8 ./Drivers/STM32F4xx_HAL_Driver/Src/stm32f4xx_hal_uart.o
 .text.hci_reset
                0x080033cc       0x52 ./Middlewares/ST/BlueNRG-2/hci/bluenrg1_hci_le.o
                0x080033cc                hci_reset
 .text.aci_gap_set_discoverable
                0x0800341e      0x206 ./Middlewares/ST/BlueNRG-2/hci/controller/bluenrg1_gap_aci.o
                0x0800341e                aci_gap_set_discoverable
 .text.aci_gap_init
                0x08003624      0x15a ./Middlewares/ST/BlueNRG-2/hci/controller/bluenrg1_gap_aci.o
                0x08003624                aci_gap_init
 .text.aci_gatt_init
                0x0800377e       0x54 ./Middlewares/ST/BlueNRG-2/hci/controller/bluenrg1_gatt_aci.o
                0x0800377e                aci_gatt_init
 .text.aci_gatt_update_char_value
                0x080037d2      0x164 ./Middlewares/ST/BlueNRG-2/hci/controller/bluenrg1_gatt_aci.o
                0x080037d2                aci_gatt_update_char_value
 .text.aci_hal_write_config_data
                0x08003936      0x11c ./Middlewares/ST/BlueNRG-2/hci/controller/bluenrg1_hal_aci.o
                0x08003936                aci_hal_write_config_data
 .text.verify_packet
                0x08003a52       0x40 ./Middlewares/ST/BlueNRG-2/hci/hci_tl_patterns/Basic/hci_tl.o
 *fill*         0x08003a92        0x2 
 .text.send_cmd
                0x08003a94       0x80 ./Middlewares/ST/BlueNRG-2/hci/hci_tl_patterns/Basic/hci_tl.o
 .text.move_list
                0x08003b14       0x38 ./Middlewares/ST/BlueNRG-2/hci/hci_tl_patterns/Basic/hci_tl.o
 .text.free_event_list
                0x08003b4c       0x3c ./Middlewares/ST/BlueNRG-2/hci/hci_tl_patterns/Basic/hci_tl.o
 .text.hci_init
                0x08003b88       0x84 ./Middlewares/ST/BlueNRG-2/hci/hci_tl_patterns/Basic/hci_tl.o
                0x08003b88                hci_init
 .text.hci_register_io_bus
                0x08003c0c       0x40 ./Middlewares/ST/BlueNRG-2/hci/hci_tl_patterns/Basic/hci_tl.o
                0x08003c0c                hci_register_io_bus
 .text.hci_send_req
                0x08003c4c      0x230 ./Middlewares/ST/BlueNRG-2/hci/hci_tl_patterns/Basic/hci_tl.o
                0x08003c4c                hci_send_req
 .text.hci_notify_asynch_evt
                0x08003e7c       0x9c ./Middlewares/ST/BlueNRG-2/hci/hci_tl_patterns/Basic/hci_tl.o
                0x08003e7c                hci_notify_asynch_evt
 .text.list_init_head
                0x08003f18       0x20 ./Middlewares/ST/BlueNRG-2/utils/ble_list.o
                0x08003f18                list_init_head
 .text.list_is_empty
                0x08003f38       0x44 ./Middlewares/ST/BlueNRG-2/utils/ble_list.o
                0x08003f38                list_is_empty
 .text.list_insert_head
                0x08003f7c       0x4c ./Middlewares/ST/BlueNRG-2/utils/ble_list.o
                0x08003f7c                list_insert_head
 .text.list_insert_tail
                0x08003fc8       0x4c ./Middlewares/ST/BlueNRG-2/utils/ble_list.o
                0x08003fc8                list_insert_tail
 .text.list_remove_node
                0x08004014       0x42 ./Middlewares/ST/BlueNRG-2/utils/ble_list.o
                0x08004014                list_remove_node
 .text.list_remove_head
                0x08004056       0x4e ./Middlewares/ST/BlueNRG-2/utils/ble_list.o
                0x08004056                list_remove_head
 .text.list_remove_tail
                0x080040a4       0x4e ./Middlewares/ST/BlueNRG-2/utils/ble_list.o
                0x080040a4                list_remove_tail
 .text.list_get_size
                0x080040f2       0x50 ./Middlewares/ST/BlueNRG-2/utils/ble_list.o
                0x080040f2                list_get_size
 *fill*         0x08004142        0x2 
 .text.std      0x08004144       0x6c C:/ST/STM32CubeIDE_1.13.2/STM32CubeIDE/plugins/com.st.stm32cube.ide.mcu.externaltools.gnu-tools-for-stm32.12.3.rel1.win32_1.0.100.202403111256/tools/bin/../lib/gcc/arm-none-eabi/12.3.1/../../../../arm-none-eabi/lib/thumb/v7e-m+fp/hard\libc_nano.a(libc_a-findfp.o)
 .text.stdio_exit_handler
                0x080041b0       0x18 C:/ST/STM32CubeIDE_1.13.2/STM32CubeIDE/plugins/com.st.stm32cube.ide.mcu.externaltools.gnu-tools-for-stm32.12.3.rel1.win32_1.0.100.202403111256/tools/bin/../lib/gcc/arm-none-eabi/12.3.1/../../../../arm-none-eabi/lib/thumb/v7e-m+fp/hard\libc_nano.a(libc_a-findfp.o)
 .text.cleanup_stdio
                0x080041c8       0x40 C:/ST/STM32CubeIDE_1.13.2/STM32CubeIDE/plugins/com.st.stm32cube.ide.mcu.externaltools.gnu-tools-for-stm32.12.3.rel1.win32_1.0.100.202403111256/tools/bin/../lib/gcc/arm-none-eabi/12.3.1/../../../../arm-none-eabi/lib/thumb/v7e-m+fp/hard\libc_nano.a(libc_a-findfp.o)
 .text.global_stdio_init.part.0
                0x08004208       0x3c C:/ST/STM32CubeIDE_1.13.2/STM32CubeIDE/plugins/com.st.stm32cube.ide.mcu.externaltools.gnu-tools-for-stm32.12.3.rel1.win32_1.0.100.202403111256/tools/bin/../lib/gcc/arm-none-eabi/12.3.1/../../../../arm-none-eabi/lib/thumb/v7e-m+fp/hard\libc_nano.a(libc_a-findfp.o)
 .text.__sfp_lock_acquire
                0x08004244        0xc C:/ST/STM32CubeIDE_1.13.2/STM32CubeIDE/plugins/com.st.stm32cube.ide.mcu.externaltools.gnu-tools-for-stm32.12.3.rel1.win32_1.0.100.202403111256/tools/bin/../lib/gcc/arm-none-eabi/12.3.1/../../../../arm-none-eabi/lib/thumb/v7e-m+fp/hard\libc_nano.a(libc_a-findfp.o)
                0x08004244                __sfp_lock_acquire
 .text.__sfp_lock_release
                0x08004250        0xc C:/ST/STM32CubeIDE_1.13.2/STM32CubeIDE/plugins/com.st.stm32cube.ide.mcu.externaltools.gnu-tools-for-stm32.12.3.rel1.win32_1.0.100.202403111256/tools/bin/../lib/gcc/arm-none-eabi/12.3.1/../../../../arm-none-eabi/lib/thumb/v7e-m+fp/hard\libc_nano.a(libc_a-findfp.o)
                0x08004250                __sfp_lock_release
 .text.__sinit  0x0800425c       0x30 C:/ST/STM32CubeIDE_1.13.2/STM32CubeIDE/plugins/com.st.stm32cube.ide.mcu.externaltools.gnu-tools-for-stm32.12.3.rel1.win32_1.0.100.202403111256/tools/bin/../lib/gcc/arm-none-eabi/12.3.1/../../../../arm-none-eabi/lib/thumb/v7e-m+fp/hard\libc_nano.a(libc_a-findfp.o)
                0x0800425c                __sinit
 .text._fwalk_sglue
                0x0800428c       0x3c C:/ST/STM32CubeIDE_1.13.2/STM32CubeIDE/plugins/com.st.stm32cube.ide.mcu.externaltools.gnu-tools-for-stm32.12.3.rel1.win32_1.0.100.202403111256/tools/bin/../lib/gcc/arm-none-eabi/12.3.1/../../../../arm-none-eabi/lib/thumb/v7e-m+fp/hard\libc_nano.a(libc_a-fwalk.o)
                0x0800428c                _fwalk_sglue
 .text.printf   0x080042c8       0x24 C:/ST/STM32CubeIDE_1.13.2/STM32CubeIDE/plugins/com.st.stm32cube.ide.mcu.externaltools.gnu-tools-for-stm32.12.3.rel1.win32_1.0.100.202403111256/tools/bin/../lib/gcc/arm-none-eabi/12.3.1/../../../../arm-none-eabi/lib/thumb/v7e-m+fp/hard\libc_nano.a(libc_a-printf.o)
                0x080042c8                iprintf
                0x080042c8                printf
 .text._puts_r  0x080042ec       0xaa C:/ST/STM32CubeIDE_1.13.2/STM32CubeIDE/plugins/com.st.stm32cube.ide.mcu.externaltools.gnu-tools-for-stm32.12.3.rel1.win32_1.0.100.202403111256/tools/bin/../lib/gcc/arm-none-eabi/12.3.1/../../../../arm-none-eabi/lib/thumb/v7e-m+fp/hard\libc_nano.a(libc_a-puts.o)
                0x080042ec                _puts_r
 *fill*         0x08004396        0x2 
 .text.puts     0x08004398       0x10 C:/ST/STM32CubeIDE_1.13.2/STM32CubeIDE/plugins/com.st.stm32cube.ide.mcu.externaltools.gnu-tools-for-stm32.12.3.rel1.win32_1.0.100.202403111256/tools/bin/../lib/gcc/arm-none-eabi/12.3.1/../../../../arm-none-eabi/lib/thumb/v7e-m+fp/hard\libc_nano.a(libc_a-puts.o)
                0x08004398                puts
 .text.__sread  0x080043a8       0x22 C:/ST/STM32CubeIDE_1.13.2/STM32CubeIDE/plugins/com.st.stm32cube.ide.mcu.externaltools.gnu-tools-for-stm32.12.3.rel1.win32_1.0.100.202403111256/tools/bin/../lib/gcc/arm-none-eabi/12.3.1/../../../../arm-none-eabi/lib/thumb/v7e-m+fp/hard\libc_nano.a(libc_a-stdio.o)
                0x080043a8                __sread
 .text.__swrite
                0x080043ca       0x38 C:/ST/STM32CubeIDE_1.13.2/STM32CubeIDE/plugins/com.st.stm32cube.ide.mcu.externaltools.gnu-tools-for-stm32.12.3.rel1.win32_1.0.100.202403111256/tools/bin/../lib/gcc/arm-none-eabi/12.3.1/../../../../arm-none-eabi/lib/thumb/v7e-m+fp/hard\libc_nano.a(libc_a-stdio.o)
                0x080043ca                __swrite
 .text.__sseek  0x08004402       0x24 C:/ST/STM32CubeIDE_1.13.2/STM32CubeIDE/plugins/com.st.stm32cube.ide.mcu.externaltools.gnu-tools-for-stm32.12.3.rel1.win32_1.0.100.202403111256/tools/bin/../lib/gcc/arm-none-eabi/12.3.1/../../../../arm-none-eabi/lib/thumb/v7e-m+fp/hard\libc_nano.a(libc_a-stdio.o)
                0x08004402                __sseek
 .text.__sclose
                0x08004426        0x8 C:/ST/STM32CubeIDE_1.13.2/STM32CubeIDE/plugins/com.st.stm32cube.ide.mcu.externaltools.gnu-tools-for-stm32.12.3.rel1.win32_1.0.100.202403111256/tools/bin/../lib/gcc/arm-none-eabi/12.3.1/../../../../arm-none-eabi/lib/thumb/v7e-m+fp/hard\libc_nano.a(libc_a-stdio.o)
                0x08004426                __sclose
 .text.__swbuf_r
                0x0800442e       0x7c C:/ST/STM32CubeIDE_1.13.2/STM32CubeIDE/plugins/com.st.stm32cube.ide.mcu.externaltools.gnu-tools-for-stm32.12.3.rel1.win32_1.0.100.202403111256/tools/bin/../lib/gcc/arm-none-eabi/12.3.1/../../../../arm-none-eabi/lib/thumb/v7e-m+fp/hard\libc_nano.a(libc_a-wbuf.o)
                0x0800442e                __swbuf_r
 *fill*         0x080044aa        0x2 
 .text.__swsetup_r
                0x080044ac       0xac C:/ST/STM32CubeIDE_1.13.2/STM32CubeIDE/plugins/com.st.stm32cube.ide.mcu.externaltools.gnu-tools-for-stm32.12.3.rel1.win32_1.0.100.202403111256/tools/bin/../lib/gcc/arm-none-eabi/12.3.1/../../../../arm-none-eabi/lib/thumb/v7e-m+fp/hard\libc_nano.a(libc_a-wsetup.o)
                0x080044ac                __swsetup_r
 .text.memset   0x08004558       0x10 C:/ST/STM32CubeIDE_1.13.2/STM32CubeIDE/plugins/com.st.stm32cube.ide.mcu.externaltools.gnu-tools-for-stm32.12.3.rel1.win32_1.0.100.202403111256/tools/bin/../lib/gcc/arm-none-eabi/12.3.1/../../../../arm-none-eabi/lib/thumb/v7e-m+fp/hard\libc_nano.a(libc_a-memset.o)
                0x08004558                memset
 .text._close_r
                0x08004568       0x20 C:/ST/STM32CubeIDE_1.13.2/STM32CubeIDE/plugins/com.st.stm32cube.ide.mcu.externaltools.gnu-tools-for-stm32.12.3.rel1.win32_1.0.100.202403111256/tools/bin/../lib/gcc/arm-none-eabi/12.3.1/../../../../arm-none-eabi/lib/thumb/v7e-m+fp/hard\libc_nano.a(libc_a-closer.o)
                0x08004568                _close_r
 .text._lseek_r
                0x08004588       0x24 C:/ST/STM32CubeIDE_1.13.2/STM32CubeIDE/plugins/com.st.stm32cube.ide.mcu.externaltools.gnu-tools-for-stm32.12.3.rel1.win32_1.0.100.202403111256/tools/bin/../lib/gcc/arm-none-eabi/12.3.1/../../../../arm-none-eabi/lib/thumb/v7e-m+fp/hard\libc_nano.a(libc_a-lseekr.o)
                0x08004588                _lseek_r
 .text._read_r  0x080045ac       0x24 C:/ST/STM32CubeIDE_1.13.2/STM32CubeIDE/plugins/com.st.stm32cube.ide.mcu.externaltools.gnu-tools-for-stm32.12.3.rel1.win32_1.0.100.202403111256/tools/bin/../lib/gcc/arm-none-eabi/12.3.1/../../../../arm-none-eabi/lib/thumb/v7e-m+fp/hard\libc_nano.a(libc_a-readr.o)
                0x080045ac                _read_r
 .text._write_r
                0x080045d0       0x24 C:/ST/STM32CubeIDE_1.13.2/STM32CubeIDE/plugins/com.st.stm32cube.ide.mcu.externaltools.gnu-tools-for-stm32.12.3.rel1.win32_1.0.100.202403111256/tools/bin/../lib/gcc/arm-none-eabi/12.3.1/../../../../arm-none-eabi/lib/thumb/v7e-m+fp/hard\libc_nano.a(libc_a-writer.o)
                0x080045d0                _write_r
 .text.__errno  0x080045f4        0xc C:/ST/STM32CubeIDE_1.13.2/STM32CubeIDE/plugins/com.st.stm32cube.ide.mcu.externaltools.gnu-tools-for-stm32.12.3.rel1.win32_1.0.100.202403111256/tools/bin/../lib/gcc/arm-none-eabi/12.3.1/../../../../arm-none-eabi/lib/thumb/v7e-m+fp/hard\libc_nano.a(libc_a-errno.o)
                0x080045f4                __errno
 .text.__libc_init_array
                0x08004600       0x48 C:/ST/STM32CubeIDE_1.13.2/STM32CubeIDE/plugins/com.st.stm32cube.ide.mcu.externaltools.gnu-tools-for-stm32.12.3.rel1.win32_1.0.100.202403111256/tools/bin/../lib/gcc/arm-none-eabi/12.3.1/../../../../arm-none-eabi/lib/thumb/v7e-m+fp/hard\libc_nano.a(libc_a-init.o)
                0x08004600                __libc_init_array
 .text.__retarget_lock_init_recursive
                0x08004648        0x2 C:/ST/STM32CubeIDE_1.13.2/STM32CubeIDE/plugins/com.st.stm32cube.ide.mcu.externaltools.gnu-tools-for-stm32.12.3.rel1.win32_1.0.100.202403111256/tools/bin/../lib/gcc/arm-none-eabi/12.3.1/../../../../arm-none-eabi/lib/thumb/v7e-m+fp/hard\libc_nano.a(libc_a-lock.o)
                0x08004648                __retarget_lock_init_recursive
 .text.__retarget_lock_acquire_recursive
                0x0800464a        0x2 C:/ST/STM32CubeIDE_1.13.2/STM32CubeIDE/plugins/com.st.stm32cube.ide.mcu.externaltools.gnu-tools-for-stm32.12.3.rel1.win32_1.0.100.202403111256/tools/bin/../lib/gcc/arm-none-eabi/12.3.1/../../../../arm-none-eabi/lib/thumb/v7e-m+fp/hard\libc_nano.a(libc_a-lock.o)
                0x0800464a                __retarget_lock_acquire_recursive
 .text.__retarget_lock_release_recursive
                0x0800464c        0x2 C:/ST/STM32CubeIDE_1.13.2/STM32CubeIDE/plugins/com.st.stm32cube.ide.mcu.externaltools.gnu-tools-for-stm32.12.3.rel1.win32_1.0.100.202403111256/tools/bin/../lib/gcc/arm-none-eabi/12.3.1/../../../../arm-none-eabi/lib/thumb/v7e-m+fp/hard\libc_nano.a(libc_a-lock.o)
                0x0800464c                __retarget_lock_release_recursive
 .text.memcpy   0x0800464e       0x1c C:/ST/STM32CubeIDE_1.13.2/STM32CubeIDE/plugins/com.st.stm32cube.ide.mcu.externaltools.gnu-tools-for-stm32.12.3.rel1.win32_1.0.100.202403111256/tools/bin/../lib/gcc/arm-none-eabi/12.3.1/../../../../arm-none-eabi/lib/thumb/v7e-m+fp/hard\libc_nano.a(libc_a-memcpy-stub.o)
                0x0800464e                memcpy
 *fill*         0x0800466a        0x2 
 .text._free_r  0x0800466c       0x94 C:/ST/STM32CubeIDE_1.13.2/STM32CubeIDE/plugins/com.st.stm32cube.ide.mcu.externaltools.gnu-tools-for-stm32.12.3.rel1.win32_1.0.100.202403111256/tools/bin/../lib/gcc/arm-none-eabi/12.3.1/../../../../arm-none-eabi/lib/thumb/v7e-m+fp/hard\libc_nano.a(libc_a-freer.o)
                0x0800466c                _free_r
 .text.sbrk_aligned
                0x08004700       0x44 C:/ST/STM32CubeIDE_1.13.2/STM32CubeIDE/plugins/com.st.stm32cube.ide.mcu.externaltools.gnu-tools-for-stm32.12.3.rel1.win32_1.0.100.202403111256/tools/bin/../lib/gcc/arm-none-eabi/12.3.1/../../../../arm-none-eabi/lib/thumb/v7e-m+fp/hard\libc_nano.a(libc_a-mallocr.o)
 .text._malloc_r
                0x08004744      0x100 C:/ST/STM32CubeIDE_1.13.2/STM32CubeIDE/plugins/com.st.stm32cube.ide.mcu.externaltools.gnu-tools-for-stm32.12.3.rel1.win32_1.0.100.202403111256/tools/bin/../lib/gcc/arm-none-eabi/12.3.1/../../../../arm-none-eabi/lib/thumb/v7e-m+fp/hard\libc_nano.a(libc_a-mallocr.o)
                0x08004744                _malloc_r
 .text.__malloc_lock
                0x08004844        0xc C:/ST/STM32CubeIDE_1.13.2/STM32CubeIDE/plugins/com.st.stm32cube.ide.mcu.externaltools.gnu-tools-for-stm32.12.3.rel1.win32_1.0.100.202403111256/tools/bin/../lib/gcc/arm-none-eabi/12.3.1/../../../../arm-none-eabi/lib/thumb/v7e-m+fp/hard\libc_nano.a(libc_a-mlock.o)
                0x08004844                __malloc_lock
 .text.__malloc_unlock
                0x08004850        0xc C:/ST/STM32CubeIDE_1.13.2/STM32CubeIDE/plugins/com.st.stm32cube.ide.mcu.externaltools.gnu-tools-for-stm32.12.3.rel1.win32_1.0.100.202403111256/tools/bin/../lib/gcc/arm-none-eabi/12.3.1/../../../../arm-none-eabi/lib/thumb/v7e-m+fp/hard\libc_nano.a(libc_a-mlock.o)
                0x08004850                __malloc_unlock
 .text.__sfputc_r
                0x0800485c       0x2e C:/ST/STM32CubeIDE_1.13.2/STM32CubeIDE/plugins/com.st.stm32cube.ide.mcu.externaltools.gnu-tools-for-stm32.12.3.rel1.win32_1.0.100.202403111256/tools/bin/../lib/gcc/arm-none-eabi/12.3.1/../../../../arm-none-eabi/lib/thumb/v7e-m+fp/hard\libc_nano.a(libc_a-nano-vfprintf.o)
 .text.__sfputs_r
                0x0800488a       0x24 C:/ST/STM32CubeIDE_1.13.2/STM32CubeIDE/plugins/com.st.stm32cube.ide.mcu.externaltools.gnu-tools-for-stm32.12.3.rel1.win32_1.0.100.202403111256/tools/bin/../lib/gcc/arm-none-eabi/12.3.1/../../../../arm-none-eabi/lib/thumb/v7e-m+fp/hard\libc_nano.a(libc_a-nano-vfprintf.o)
                0x0800488a                __sfputs_r
 *fill*         0x080048ae        0x2 
 .text._vfprintf_r
                0x080048b0      0x230 C:/ST/STM32CubeIDE_1.13.2/STM32CubeIDE/plugins/com.st.stm32cube.ide.mcu.externaltools.gnu-tools-for-stm32.12.3.rel1.win32_1.0.100.202403111256/tools/bin/../lib/gcc/arm-none-eabi/12.3.1/../../../../arm-none-eabi/lib/thumb/v7e-m+fp/hard\libc_nano.a(libc_a-nano-vfprintf.o)
                0x080048b0                _vfprintf_r
                0x080048b0                _vfiprintf_r
 .text._printf_common
                0x08004ae0       0xda C:/ST/STM32CubeIDE_1.13.2/STM32CubeIDE/plugins/com.st.stm32cube.ide.mcu.externaltools.gnu-tools-for-stm32.12.3.rel1.win32_1.0.100.202403111256/tools/bin/../lib/gcc/arm-none-eabi/12.3.1/../../../../arm-none-eabi/lib/thumb/v7e-m+fp/hard\libc_nano.a(libc_a-nano-vfprintf_i.o)
                0x08004ae0                _printf_common
 *fill*         0x08004bba        0x2 
 .text._printf_i
                0x08004bbc      0x240 C:/ST/STM32CubeIDE_1.13.2/STM32CubeIDE/plugins/com.st.stm32cube.ide.mcu.externaltools.gnu-tools-for-stm32.12.3.rel1.win32_1.0.100.202403111256/tools/bin/../lib/gcc/arm-none-eabi/12.3.1/../../../../arm-none-eabi/lib/thumb/v7e-m+fp/hard\libc_nano.a(libc_a-nano-vfprintf_i.o)
                0x08004bbc                _printf_i
 .text.__sflush_r
                0x08004dfc      0x108 C:/ST/STM32CubeIDE_1.13.2/STM32CubeIDE/plugins/com.st.stm32cube.ide.mcu.externaltools.gnu-tools-for-stm32.12.3.rel1.win32_1.0.100.202403111256/tools/bin/../lib/gcc/arm-none-eabi/12.3.1/../../../../arm-none-eabi/lib/thumb/v7e-m+fp/hard\libc_nano.a(libc_a-fflush.o)
                0x08004dfc                __sflush_r
 .text._fflush_r
                0x08004f04       0x50 C:/ST/STM32CubeIDE_1.13.2/STM32CubeIDE/plugins/com.st.stm32cube.ide.mcu.externaltools.gnu-tools-for-stm32.12.3.rel1.win32_1.0.100.202403111256/tools/bin/../lib/gcc/arm-none-eabi/12.3.1/../../../../arm-none-eabi/lib/thumb/v7e-m+fp/hard\libc_nano.a(libc_a-fflush.o)
                0x08004f04                _fflush_r
 .text.__swhatbuf_r
                0x08004f54       0x4c C:/ST/STM32CubeIDE_1.13.2/STM32CubeIDE/plugins/com.st.stm32cube.ide.mcu.externaltools.gnu-tools-for-stm32.12.3.rel1.win32_1.0.100.202403111256/tools/bin/../lib/gcc/arm-none-eabi/12.3.1/../../../../arm-none-eabi/lib/thumb/v7e-m+fp/hard\libc_nano.a(libc_a-makebuf.o)
                0x08004f54                __swhatbuf_r
 .text.__smakebuf_r
                0x08004fa0       0x78 C:/ST/STM32CubeIDE_1.13.2/STM32CubeIDE/plugins/com.st.stm32cube.ide.mcu.externaltools.gnu-tools-for-stm32.12.3.rel1.win32_1.0.100.202403111256/tools/bin/../lib/gcc/arm-none-eabi/12.3.1/../../../../arm-none-eabi/lib/thumb/v7e-m+fp/hard\libc_nano.a(libc_a-makebuf.o)
                0x08004fa0                __smakebuf_r
 .text._fstat_r
                0x08005018       0x24 C:/ST/STM32CubeIDE_1.13.2/STM32CubeIDE/plugins/com.st.stm32cube.ide.mcu.externaltools.gnu-tools-for-stm32.12.3.rel1.win32_1.0.100.202403111256/tools/bin/../lib/gcc/arm-none-eabi/12.3.1/../../../../arm-none-eabi/lib/thumb/v7e-m+fp/hard\libc_nano.a(libc_a-fstatr.o)
                0x08005018                _fstat_r
 .text._isatty_r
                0x0800503c       0x20 C:/ST/STM32CubeIDE_1.13.2/STM32CubeIDE/plugins/com.st.stm32cube.ide.mcu.externaltools.gnu-tools-for-stm32.12.3.rel1.win32_1.0.100.202403111256/tools/bin/../lib/gcc/arm-none-eabi/12.3.1/../../../../arm-none-eabi/lib/thumb/v7e-m+fp/hard\libc_nano.a(libc_a-isattyr.o)
                0x0800503c                _isatty_r
 .text._sbrk_r  0x0800505c       0x20 C:/ST/STM32CubeIDE_1.13.2/STM32CubeIDE/plugins/com.st.stm32cube.ide.mcu.externaltools.gnu-tools-for-stm32.12.3.rel1.win32_1.0.100.202403111256/tools/bin/../lib/gcc/arm-none-eabi/12.3.1/../../../../arm-none-eabi/lib/thumb/v7e-m+fp/hard\libc_nano.a(libc_a-sbrkr.o)
                0x0800505c                _sbrk_r
 *(.glue_7)
 .glue_7        0x0800507c        0x0 linker stubs
 *(.glue_7t)
 .glue_7t       0x0800507c        0x0 linker stubs
 *(.eh_frame)
 .eh_frame      0x0800507c        0x0 C:/ST/STM32CubeIDE_1.13.2/STM32CubeIDE/plugins/com.st.stm32cube.ide.mcu.externaltools.gnu-tools-for-stm32.12.3.rel1.win32_1.0.100.202403111256/tools/bin/../lib/gcc/arm-none-eabi/12.3.1/thumb/v7e-m+fp/hard/crtbegin.o
 *(.init)
 .init          0x0800507c        0x4 C:/ST/STM32CubeIDE_1.13.2/STM32CubeIDE/plugins/com.st.stm32cube.ide.mcu.externaltools.gnu-tools-for-stm32.12.3.rel1.win32_1.0.100.202403111256/tools/bin/../lib/gcc/arm-none-eabi/12.3.1/thumb/v7e-m+fp/hard/crti.o
                0x0800507c                _init
 .init          0x08005080        0x8 C:/ST/STM32CubeIDE_1.13.2/STM32CubeIDE/plugins/com.st.stm32cube.ide.mcu.externaltools.gnu-tools-for-stm32.12.3.rel1.win32_1.0.100.202403111256/tools/bin/../lib/gcc/arm-none-eabi/12.3.1/thumb/v7e-m+fp/hard/crtn.o
 *(.fini)
 .fini          0x08005088        0x4 C:/ST/STM32CubeIDE_1.13.2/STM32CubeIDE/plugins/com.st.stm32cube.ide.mcu.externaltools.gnu-tools-for-stm32.12.3.rel1.win32_1.0.100.202403111256/tools/bin/../lib/gcc/arm-none-eabi/12.3.1/thumb/v7e-m+fp/hard/crti.o
                0x08005088                _fini
 .fini          0x0800508c        0x8 C:/ST/STM32CubeIDE_1.13.2/STM32CubeIDE/plugins/com.st.stm32cube.ide.mcu.externaltools.gnu-tools-for-stm32.12.3.rel1.win32_1.0.100.202403111256/tools/bin/../lib/gcc/arm-none-eabi/12.3.1/thumb/v7e-m+fp/hard/crtn.o
                0x08005094                        . = ALIGN (0x4)
                0x08005094                        _etext = .

.vfp11_veneer   0x08005094        0x0
 .vfp11_veneer  0x08005094        0x0 linker stubs

.v4_bx          0x08005094        0x0
 .v4_bx         0x08005094        0x0 linker stubs

.iplt           0x08005094        0x0
 .iplt          0x08005094        0x0 C:/ST/STM32CubeIDE_1.13.2/STM32CubeIDE/plugins/com.st.stm32cube.ide.mcu.externaltools.gnu-tools-for-stm32.12.3.rel1.win32_1.0.100.202403111256/tools/bin/../lib/gcc/arm-none-eabi/12.3.1/thumb/v7e-m+fp/hard/crtbegin.o

.rodata         0x08005094      0x124
                0x08005094                        . = ALIGN (0x4)
 *(.rodata)
 .rodata        0x08005094        0xd ./BlueNRG-2/Target/hci_tl_interface.o
 *fill*         0x080050a1        0x3 
 .rodata        0x080050a4       0xa5 ./Core/Src/app_bluenrg.o
 *fill*         0x08005149        0x3 
 .rodata        0x0800514c       0x1e ./Core/Src/main.o
 *(.rodata*)
 *fill*         0x0800516a        0x2 
 .rodata.AHBPrescTable
                0x0800516c       0x10 ./Core/Src/system_stm32f4xx.o
                0x0800516c                AHBPrescTable
 .rodata.APBPrescTable
                0x0800517c        0x8 ./Core/Src/system_stm32f4xx.o
                0x0800517c                APBPrescTable
 .rodata._vfprintf_r.str1.1
                0x08005184       0x11 C:/ST/STM32CubeIDE_1.13.2/STM32CubeIDE/plugins/com.st.stm32cube.ide.mcu.externaltools.gnu-tools-for-stm32.12.3.rel1.win32_1.0.100.202403111256/tools/bin/../lib/gcc/arm-none-eabi/12.3.1/../../../../arm-none-eabi/lib/thumb/v7e-m+fp/hard\libc_nano.a(libc_a-nano-vfprintf.o)
 .rodata._printf_i.str1.1
                0x08005195       0x22 C:/ST/STM32CubeIDE_1.13.2/STM32CubeIDE/plugins/com.st.stm32cube.ide.mcu.externaltools.gnu-tools-for-stm32.12.3.rel1.win32_1.0.100.202403111256/tools/bin/../lib/gcc/arm-none-eabi/12.3.1/../../../../arm-none-eabi/lib/thumb/v7e-m+fp/hard\libc_nano.a(libc_a-nano-vfprintf_i.o)
                0x080051b8                        . = ALIGN (0x4)
 *fill*         0x080051b7        0x1 

.ARM.extab      0x080051b8        0x0
                0x080051b8                        . = ALIGN (0x4)
 *(.ARM.extab* .gnu.linkonce.armextab.*)
                0x080051b8                        . = ALIGN (0x4)

.ARM            0x080051b8        0x8
                0x080051b8                        . = ALIGN (0x4)
                0x080051b8                        __exidx_start = .
 *(.ARM.exidx*)
 .ARM.exidx     0x080051b8        0x8 C:/ST/STM32CubeIDE_1.13.2/STM32CubeIDE/plugins/com.st.stm32cube.ide.mcu.externaltools.gnu-tools-for-stm32.12.3.rel1.win32_1.0.100.202403111256/tools/bin/../lib/gcc/arm-none-eabi/12.3.1/../../../../arm-none-eabi/lib/thumb/v7e-m+fp/hard\libc_nano.a(libc_a-strlen.o)
 .ARM.exidx     0x080051c0        0x0 C:/ST/STM32CubeIDE_1.13.2/STM32CubeIDE/plugins/com.st.stm32cube.ide.mcu.externaltools.gnu-tools-for-stm32.12.3.rel1.win32_1.0.100.202403111256/tools/bin/../lib/gcc/arm-none-eabi/12.3.1/../../../../arm-none-eabi/lib/thumb/v7e-m+fp/hard\libc_nano.a(libc_a-memchr.o)
                                  0x8 (size before relaxing)
 .ARM.exidx     0x080051c0        0x0 C:/ST/STM32CubeIDE_1.13.2/STM32CubeIDE/plugins/com.st.stm32cube.ide.mcu.externaltools.gnu-tools-for-stm32.12.3.rel1.win32_1.0.100.202403111256/tools/bin/../lib/gcc/arm-none-eabi/12.3.1/thumb/v7e-m+fp/hard\libgcc.a(_udivmoddi4.o)
                                  0x8 (size before relaxing)
                0x080051c0                        __exidx_end = .
                0x080051c0                        . = ALIGN (0x4)

.rel.dyn        0x080051c0        0x0
 .rel.iplt      0x080051c0        0x0 C:/ST/STM32CubeIDE_1.13.2/STM32CubeIDE/plugins/com.st.stm32cube.ide.mcu.externaltools.gnu-tools-for-stm32.12.3.rel1.win32_1.0.100.202403111256/tools/bin/../lib/gcc/arm-none-eabi/12.3.1/thumb/v7e-m+fp/hard/crtbegin.o

.preinit_array  0x080051c0        0x0
                0x080051c0                        . = ALIGN (0x4)
                0x080051c0                        PROVIDE (__preinit_array_start = .)
 *(.preinit_array*)
                0x080051c0                        PROVIDE (__preinit_array_end = .)
                0x080051c0                        . = ALIGN (0x4)

.init_array     0x080051c0        0x4
                0x080051c0                        . = ALIGN (0x4)
                0x080051c0                        PROVIDE (__init_array_start = .)
 *(SORT_BY_NAME(.init_array.*))
 *(.init_array*)
 .init_array    0x080051c0        0x4 C:/ST/STM32CubeIDE_1.13.2/STM32CubeIDE/plugins/com.st.stm32cube.ide.mcu.externaltools.gnu-tools-for-stm32.12.3.rel1.win32_1.0.100.202403111256/tools/bin/../lib/gcc/arm-none-eabi/12.3.1/thumb/v7e-m+fp/hard/crtbegin.o
                0x080051c4                        PROVIDE (__init_array_end = .)
                0x080051c4                        . = ALIGN (0x4)

.fini_array     0x080051c4        0x4
                0x080051c4                        . = ALIGN (0x4)
                [!provide]                        PROVIDE (__fini_array_start = .)
 *(SORT_BY_NAME(.fini_array.*))
 *(.fini_array*)
 .fini_array    0x080051c4        0x4 C:/ST/STM32CubeIDE_1.13.2/STM32CubeIDE/plugins/com.st.stm32cube.ide.mcu.externaltools.gnu-tools-for-stm32.12.3.rel1.win32_1.0.100.202403111256/tools/bin/../lib/gcc/arm-none-eabi/12.3.1/thumb/v7e-m+fp/hard/crtbegin.o
                [!provide]                        PROVIDE (__fini_array_end = .)
                0x080051c8                        . = ALIGN (0x4)
                0x080051c8                        _sidata = LOADADDR (.data)

.data           0x20000000       0x70 load address 0x080051c8
                0x20000000                        . = ALIGN (0x4)
                0x20000000                        _sdata = .
 *(.data)
 *(.data*)
 .data.SERVER_BDARR
                0x20000000        0x6 ./Core/Src/app_bluenrg.o
                0x20000000                SERVER_BDARR
 *fill*         0x20000006        0x2 
 .data.SystemCoreClock
                0x20000008        0x4 ./Core/Src/system_stm32f4xx.o
                0x20000008                SystemCoreClock
 .data.uwTickPrio
                0x2000000c        0x4 ./Drivers/STM32F4xx_HAL_Driver/Src/stm32f4xx_hal.o
                0x2000000c                uwTickPrio
 .data.uwTickFreq
                0x20000010        0x1 ./Drivers/STM32F4xx_HAL_Driver/Src/stm32f4xx_hal.o
                0x20000010                uwTickFreq
 *fill*         0x20000011        0x3 
 .data.__sglue  0x20000014        0xc C:/ST/STM32CubeIDE_1.13.2/STM32CubeIDE/plugins/com.st.stm32cube.ide.mcu.externaltools.gnu-tools-for-stm32.12.3.rel1.win32_1.0.100.202403111256/tools/bin/../lib/gcc/arm-none-eabi/12.3.1/../../../../arm-none-eabi/lib/thumb/v7e-m+fp/hard\libc_nano.a(libc_a-findfp.o)
                0x20000014                __sglue
 .data._impure_ptr
                0x20000020        0x4 C:/ST/STM32CubeIDE_1.13.2/STM32CubeIDE/plugins/com.st.stm32cube.ide.mcu.externaltools.gnu-tools-for-stm32.12.3.rel1.win32_1.0.100.202403111256/tools/bin/../lib/gcc/arm-none-eabi/12.3.1/../../../../arm-none-eabi/lib/thumb/v7e-m+fp/hard\libc_nano.a(libc_a-impure.o)
                0x20000020                _impure_ptr
 .data._impure_data
                0x20000024       0x4c C:/ST/STM32CubeIDE_1.13.2/STM32CubeIDE/plugins/com.st.stm32cube.ide.mcu.externaltools.gnu-tools-for-stm32.12.3.rel1.win32_1.0.100.202403111256/tools/bin/../lib/gcc/arm-none-eabi/12.3.1/../../../../arm-none-eabi/lib/thumb/v7e-m+fp/hard\libc_nano.a(libc_a-impure.o)
                0x20000024                _impure_data
 *(.RamFunc)
 *(.RamFunc*)
                0x20000070                        . = ALIGN (0x4)
                0x20000070                        _edata = .

.igot.plt       0x20000070        0x0 load address 0x08005238
 .igot.plt      0x20000070        0x0 C:/ST/STM32CubeIDE_1.13.2/STM32CubeIDE/plugins/com.st.stm32cube.ide.mcu.externaltools.gnu-tools-for-stm32.12.3.rel1.win32_1.0.100.202403111256/tools/bin/../lib/gcc/arm-none-eabi/12.3.1/thumb/v7e-m+fp/hard/crtbegin.o
                0x20000070                        . = ALIGN (0x4)

.bss            0x20000070      0x8c4 load address 0x08005238
                0x20000070                        _sbss = .
                0x20000070                        __bss_start__ = _sbss
 *(.bss)
 .bss           0x20000070       0x1c C:/ST/STM32CubeIDE_1.13.2/STM32CubeIDE/plugins/com.st.stm32cube.ide.mcu.externaltools.gnu-tools-for-stm32.12.3.rel1.win32_1.0.100.202403111256/tools/bin/../lib/gcc/arm-none-eabi/12.3.1/thumb/v7e-m+fp/hard/crtbegin.o
 *(.bss*)
 .bss.hexti0    0x2000008c        0x8 ./BlueNRG-2/Target/hci_tl_interface.o
                0x2000008c                hexti0
 .bss.read_char_buf.0
                0x20000094       0xff ./BlueNRG-2/Target/hci_tl_interface.o
 *fill*         0x20000193        0x1 
 .bss.hspi1     0x20000194       0x58 ./Core/Src/custom_bus.o
                0x20000194                hspi1
 .bss.SPI1InitCounter
                0x200001ec        0x4 ./Core/Src/custom_bus.o
 .bss.huart2    0x200001f0       0x48 ./Core/Src/main.o
                0x200001f0                huart2
 .bss.__sbrk_heap_end
                0x20000238        0x4 ./Core/Src/sysmem.o
 .bss.uwTick    0x2000023c        0x4 ./Drivers/STM32F4xx_HAL_Driver/Src/stm32f4xx_hal.o
                0x2000023c                uwTick
 .bss.hciReadPktPool
                0x20000240        0x8 ./Middlewares/ST/BlueNRG-2/hci/hci_tl_patterns/Basic/hci_tl.o
                0x20000240                hciReadPktPool
 .bss.hciReadPktRxQueue
                0x20000248        0x8 ./Middlewares/ST/BlueNRG-2/hci/hci_tl_patterns/Basic/hci_tl.o
                0x20000248                hciReadPktRxQueue
 .bss.hciReadPacketBuffer
                0x20000250      0x578 ./Middlewares/ST/BlueNRG-2/hci/hci_tl_patterns/Basic/hci_tl.o
 .bss.hciContext
                0x200007c8       0x20 ./Middlewares/ST/BlueNRG-2/hci/hci_tl_patterns/Basic/hci_tl.o
 .bss.__sf      0x200007e8      0x138 C:/ST/STM32CubeIDE_1.13.2/STM32CubeIDE/plugins/com.st.stm32cube.ide.mcu.externaltools.gnu-tools-for-stm32.12.3.rel1.win32_1.0.100.202403111256/tools/bin/../lib/gcc/arm-none-eabi/12.3.1/../../../../arm-none-eabi/lib/thumb/v7e-m+fp/hard\libc_nano.a(libc_a-findfp.o)
                0x200007e8                __sf
 .bss.__stdio_exit_handler
                0x20000920        0x4 C:/ST/STM32CubeIDE_1.13.2/STM32CubeIDE/plugins/com.st.stm32cube.ide.mcu.externaltools.gnu-tools-for-stm32.12.3.rel1.win32_1.0.100.202403111256/tools/bin/../lib/gcc/arm-none-eabi/12.3.1/../../../../arm-none-eabi/lib/thumb/v7e-m+fp/hard\libc_nano.a(libc_a-findfp.o)
                0x20000920                __stdio_exit_handler
 .bss.errno     0x20000924        0x4 C:/ST/STM32CubeIDE_1.13.2/STM32CubeIDE/plugins/com.st.stm32cube.ide.mcu.externaltools.gnu-tools-for-stm32.12.3.rel1.win32_1.0.100.202403111256/tools/bin/../lib/gcc/arm-none-eabi/12.3.1/../../../../arm-none-eabi/lib/thumb/v7e-m+fp/hard\libc_nano.a(libc_a-reent.o)
                0x20000924                errno
 .bss.__lock___malloc_recursive_mutex
                0x20000928        0x1 C:/ST/STM32CubeIDE_1.13.2/STM32CubeIDE/plugins/com.st.stm32cube.ide.mcu.externaltools.gnu-tools-for-stm32.12.3.rel1.win32_1.0.100.202403111256/tools/bin/../lib/gcc/arm-none-eabi/12.3.1/../../../../arm-none-eabi/lib/thumb/v7e-m+fp/hard\libc_nano.a(libc_a-lock.o)
                0x20000928                __lock___malloc_recursive_mutex
 .bss.__lock___sfp_recursive_mutex
                0x20000929        0x1 C:/ST/STM32CubeIDE_1.13.2/STM32CubeIDE/plugins/com.st.stm32cube.ide.mcu.externaltools.gnu-tools-for-stm32.12.3.rel1.win32_1.0.100.202403111256/tools/bin/../lib/gcc/arm-none-eabi/12.3.1/../../../../arm-none-eabi/lib/thumb/v7e-m+fp/hard\libc_nano.a(libc_a-lock.o)
                0x20000929                __lock___sfp_recursive_mutex
 *fill*         0x2000092a        0x2 
 .bss.__malloc_sbrk_start
                0x2000092c        0x4 C:/ST/STM32CubeIDE_1.13.2/STM32CubeIDE/plugins/com.st.stm32cube.ide.mcu.externaltools.gnu-tools-for-stm32.12.3.rel1.win32_1.0.100.202403111256/tools/bin/../lib/gcc/arm-none-eabi/12.3.1/../../../../arm-none-eabi/lib/thumb/v7e-m+fp/hard\libc_nano.a(libc_a-mallocr.o)
                0x2000092c                __malloc_sbrk_start
 .bss.__malloc_free_list
                0x20000930        0x4 C:/ST/STM32CubeIDE_1.13.2/STM32CubeIDE/plugins/com.st.stm32cube.ide.mcu.externaltools.gnu-tools-for-stm32.12.3.rel1.win32_1.0.100.202403111256/tools/bin/../lib/gcc/arm-none-eabi/12.3.1/../../../../arm-none-eabi/lib/thumb/v7e-m+fp/hard\libc_nano.a(libc_a-mallocr.o)
                0x20000930                __malloc_free_list
 *(COMMON)
                0x20000934                        . = ALIGN (0x4)
                0x20000934                        _ebss = .
                0x20000934                        __bss_end__ = _ebss

._user_heap_stack
                0x20000934      0x604 load address 0x08005238
                0x20000938                        . = ALIGN (0x8)
 *fill*         0x20000934        0x4 
                [!provide]                        PROVIDE (end = .)
                0x20000938                        PROVIDE (_end = .)
                0x20000b38                        . = (. + _Min_Heap_Size)
 *fill*         0x20000938      0x200 
                0x20000f38                        . = (. + _Min_Stack_Size)
 *fill*         0x20000b38      0x400 
                0x20000f38                        . = ALIGN (0x8)

/DISCARD/
 libc.a(*)
 libm.a(*)
 libgcc.a(*)

.ARM.attributes
                0x00000000       0x30
 *(.ARM.attributes)
 .ARM.attributes
                0x00000000       0x22 C:/ST/STM32CubeIDE_1.13.2/STM32CubeIDE/plugins/com.st.stm32cube.ide.mcu.externaltools.gnu-tools-for-stm32.12.3.rel1.win32_1.0.100.202403111256/tools/bin/../lib/gcc/arm-none-eabi/12.3.1/thumb/v7e-m+fp/hard/crti.o
 .ARM.attributes
                0x00000022       0x34 C:/ST/STM32CubeIDE_1.13.2/STM32CubeIDE/plugins/com.st.stm32cube.ide.mcu.externaltools.gnu-tools-for-stm32.12.3.rel1.win32_1.0.100.202403111256/tools/bin/../lib/gcc/arm-none-eabi/12.3.1/thumb/v7e-m+fp/hard/crtbegin.o
 .ARM.attributes
                0x00000056       0x34 ./BlueNRG-2/Target/hci_tl_interface.o
 .ARM.attributes
                0x0000008a       0x34 ./Core/Src/app_bluenrg.o
 .ARM.attributes
                0x000000be       0x34 ./Core/Src/custom_bus.o
 .ARM.attributes
                0x000000f2       0x34 ./Core/Src/main.o
 .ARM.attributes
                0x00000126       0x34 ./Core/Src/stm32f4xx_hal_msp.o
 .ARM.attributes
                0x0000015a       0x34 ./Core/Src/stm32f4xx_it.o
 .ARM.attributes
                0x0000018e       0x34 ./Core/Src/syscalls.o
 .ARM.attributes
                0x000001c2       0x34 ./Core/Src/sysmem.o
 .ARM.attributes
                0x000001f6       0x34 ./Core/Src/system_stm32f4xx.o
 .ARM.attributes
                0x0000022a       0x21 ./Core/Startup/startup_stm32f411retx.o
 .ARM.attributes
                0x0000024b       0x34 ./Drivers/STM32F4xx_HAL_Driver/Src/stm32f4xx_hal.o
 .ARM.attributes
                0x0000027f       0x34 ./Drivers/STM32F4xx_HAL_Driver/Src/stm32f4xx_hal_cortex.o
 .ARM.attributes
                0x000002b3       0x34 ./Drivers/STM32F4xx_HAL_Driver/Src/stm32f4xx_hal_exti.o
 .ARM.attributes
                0x000002e7       0x34 ./Drivers/STM32F4xx_HAL_Driver/Src/stm32f4xx_hal_gpio.o
 .ARM.attributes
                0x0000031b       0x34 ./Drivers/STM32F4xx_HAL_Driver/Src/stm32f4xx_hal_rcc.o
 .ARM.attributes
                0x0000034f       0x34 ./Drivers/STM32F4xx_HAL_Driver/Src/stm32f4xx_hal_spi.o
 .ARM.attributes
                0x00000383       0x34 ./Drivers/STM32F4xx_HAL_Driver/Src/stm32f4xx_hal_uart.o
 .ARM.attributes
                0x000003b7       0x34 ./Middlewares/ST/BlueNRG-2/hci/bluenrg1_hci_le.o
 .ARM.attributes
                0x000003eb       0x34 ./Middlewares/ST/BlueNRG-2/hci/controller/bluenrg1_gap_aci.o
 .ARM.attributes
                0x0000041f       0x34 ./Middlewares/ST/BlueNRG-2/hci/controller/bluenrg1_gatt_aci.o
 .ARM.attributes
                0x00000453       0x34 ./Middlewares/ST/BlueNRG-2/hci/controller/bluenrg1_hal_aci.o
 .ARM.attributes
                0x00000487       0x34 ./Middlewares/ST/BlueNRG-2/hci/hci_tl_patterns/Basic/hci_tl.o
 .ARM.attributes
                0x000004bb       0x34 ./Middlewares/ST/BlueNRG-2/utils/ble_list.o
 .ARM.attributes
                0x000004ef       0x34 C:/ST/STM32CubeIDE_1.13.2/STM32CubeIDE/plugins/com.st.stm32cube.ide.mcu.externaltools.gnu-tools-for-stm32.12.3.rel1.win32_1.0.100.202403111256/tools/bin/../lib/gcc/arm-none-eabi/12.3.1/../../../../arm-none-eabi/lib/thumb/v7e-m+fp/hard\libc_nano.a(libc_a-findfp.o)
 .ARM.attributes
                0x00000523       0x34 C:/ST/STM32CubeIDE_1.13.2/STM32CubeIDE/plugins/com.st.stm32cube.ide.mcu.externaltools.gnu-tools-for-stm32.12.3.rel1.win32_1.0.100.202403111256/tools/bin/../lib/gcc/arm-none-eabi/12.3.1/../../../../arm-none-eabi/lib/thumb/v7e-m+fp/hard\libc_nano.a(libc_a-fwalk.o)
 .ARM.attributes
                0x00000557       0x34 C:/ST/STM32CubeIDE_1.13.2/STM32CubeIDE/plugins/com.st.stm32cube.ide.mcu.externaltools.gnu-tools-for-stm32.12.3.rel1.win32_1.0.100.202403111256/tools/bin/../lib/gcc/arm-none-eabi/12.3.1/../../../../arm-none-eabi/lib/thumb/v7e-m+fp/hard\libc_nano.a(libc_a-printf.o)
 .ARM.attributes
                0x0000058b       0x34 C:/ST/STM32CubeIDE_1.13.2/STM32CubeIDE/plugins/com.st.stm32cube.ide.mcu.externaltools.gnu-tools-for-stm32.12.3.rel1.win32_1.0.100.202403111256/tools/bin/../lib/gcc/arm-none-eabi/12.3.1/../../../../arm-none-eabi/lib/thumb/v7e-m+fp/hard\libc_nano.a(libc_a-puts.o)
 .ARM.attributes
                0x000005bf       0x34 C:/ST/STM32CubeIDE_1.13.2/STM32CubeIDE/plugins/com.st.stm32cube.ide.mcu.externaltools.gnu-tools-for-stm32.12.3.rel1.win32_1.0.100.202403111256/tools/bin/../lib/gcc/arm-none-eabi/12.3.1/../../../../arm-none-eabi/lib/thumb/v7e-m+fp/hard\libc_nano.a(libc_a-stdio.o)
 .ARM.attributes
                0x000005f3       0x34 C:/ST/STM32CubeIDE_1.13.2/STM32CubeIDE/plugins/com.st.stm32cube.ide.mcu.externaltools.gnu-tools-for-stm32.12.3.rel1.win32_1.0.100.202403111256/tools/bin/../lib/gcc/arm-none-eabi/12.3.1/../../../../arm-none-eabi/lib/thumb/v7e-m+fp/hard\libc_nano.a(libc_a-wbuf.o)
 .ARM.attributes
                0x00000627       0x34 C:/ST/STM32CubeIDE_1.13.2/STM32CubeIDE/plugins/com.st.stm32cube.ide.mcu.externaltools.gnu-tools-for-stm32.12.3.rel1.win32_1.0.100.202403111256/tools/bin/../lib/gcc/arm-none-eabi/12.3.1/../../../../arm-none-eabi/lib/thumb/v7e-m+fp/hard\libc_nano.a(libc_a-wsetup.o)
 .ARM.attributes
                0x0000065b       0x34 C:/ST/STM32CubeIDE_1.13.2/STM32CubeIDE/plugins/com.st.stm32cube.ide.mcu.externaltools.gnu-tools-for-stm32.12.3.rel1.win32_1.0.100.202403111256/tools/bin/../lib/gcc/arm-none-eabi/12.3.1/../../../../arm-none-eabi/lib/thumb/v7e-m+fp/hard\libc_nano.a(libc_a-memset.o)
 .ARM.attributes
                0x0000068f       0x34 C:/ST/STM32CubeIDE_1.13.2/STM32CubeIDE/plugins/com.st.stm32cube.ide.mcu.externaltools.gnu-tools-for-stm32.12.3.rel1.win32_1.0.100.202403111256/tools/bin/../lib/gcc/arm-none-eabi/12.3.1/../../../../arm-none-eabi/lib/thumb/v7e-m+fp/hard\libc_nano.a(libc_a-closer.o)
 .ARM.attributes
                0x000006c3       0x34 C:/ST/STM32CubeIDE_1.13.2/STM32CubeIDE/plugins/com.st.stm32cube.ide.mcu.externaltools.gnu-tools-for-stm32.12.3.rel1.win32_1.0.100.202403111256/tools/bin/../lib/gcc/arm-none-eabi/12.3.1/../../../../arm-none-eabi/lib/thumb/v7e-m+fp/hard\libc_nano.a(libc_a-reent.o)
 .ARM.attributes
                0x000006f7       0x34 C:/ST/STM32CubeIDE_1.13.2/STM32CubeIDE/plugins/com.st.stm32cube.ide.mcu.externaltools.gnu-tools-for-stm32.12.3.rel1.win32_1.0.100.202403111256/tools/bin/../lib/gcc/arm-none-eabi/12.3.1/../../../../arm-none-eabi/lib/thumb/v7e-m+fp/hard\libc_nano.a(libc_a-impure.o)
 .ARM.attributes
                0x0000072b       0x34 C:/ST/STM32CubeIDE_1.13.2/STM32CubeIDE/plugins/com.st.stm32cube.ide.mcu.externaltools.gnu-tools-for-stm32.12.3.rel1.win32_1.0.100.202403111256/tools/bin/../lib/gcc/arm-none-eabi/12.3.1/../../../../arm-none-eabi/lib/thumb/v7e-m+fp/hard\libc_nano.a(libc_a-lseekr.o)
 .ARM.attributes
                0x0000075f       0x34 C:/ST/STM32CubeIDE_1.13.2/STM32CubeIDE/plugins/com.st.stm32cube.ide.mcu.externaltools.gnu-tools-for-stm32.12.3.rel1.win32_1.0.100.202403111256/tools/bin/../lib/gcc/arm-none-eabi/12.3.1/../../../../arm-none-eabi/lib/thumb/v7e-m+fp/hard\libc_nano.a(libc_a-readr.o)
 .ARM.attributes
                0x00000793       0x34 C:/ST/STM32CubeIDE_1.13.2/STM32CubeIDE/plugins/com.st.stm32cube.ide.mcu.externaltools.gnu-tools-for-stm32.12.3.rel1.win32_1.0.100.202403111256/tools/bin/../lib/gcc/arm-none-eabi/12.3.1/../../../../arm-none-eabi/lib/thumb/v7e-m+fp/hard\libc_nano.a(libc_a-writer.o)
 .ARM.attributes
                0x000007c7       0x34 C:/ST/STM32CubeIDE_1.13.2/STM32CubeIDE/plugins/com.st.stm32cube.ide.mcu.externaltools.gnu-tools-for-stm32.12.3.rel1.win32_1.0.100.202403111256/tools/bin/../lib/gcc/arm-none-eabi/12.3.1/../../../../arm-none-eabi/lib/thumb/v7e-m+fp/hard\libc_nano.a(libc_a-errno.o)
 .ARM.attributes
                0x000007fb       0x34 C:/ST/STM32CubeIDE_1.13.2/STM32CubeIDE/plugins/com.st.stm32cube.ide.mcu.externaltools.gnu-tools-for-stm32.12.3.rel1.win32_1.0.100.202403111256/tools/bin/../lib/gcc/arm-none-eabi/12.3.1/../../../../arm-none-eabi/lib/thumb/v7e-m+fp/hard\libc_nano.a(libc_a-init.o)
 .ARM.attributes
                0x0000082f       0x34 C:/ST/STM32CubeIDE_1.13.2/STM32CubeIDE/plugins/com.st.stm32cube.ide.mcu.externaltools.gnu-tools-for-stm32.12.3.rel1.win32_1.0.100.202403111256/tools/bin/../lib/gcc/arm-none-eabi/12.3.1/../../../../arm-none-eabi/lib/thumb/v7e-m+fp/hard\libc_nano.a(libc_a-lock.o)
 .ARM.attributes
                0x00000863       0x34 C:/ST/STM32CubeIDE_1.13.2/STM32CubeIDE/plugins/com.st.stm32cube.ide.mcu.externaltools.gnu-tools-for-stm32.12.3.rel1.win32_1.0.100.202403111256/tools/bin/../lib/gcc/arm-none-eabi/12.3.1/../../../../arm-none-eabi/lib/thumb/v7e-m+fp/hard\libc_nano.a(libc_a-memcpy-stub.o)
 .ARM.attributes
                0x00000897       0x17 C:/ST/STM32CubeIDE_1.13.2/STM32CubeIDE/plugins/com.st.stm32cube.ide.mcu.externaltools.gnu-tools-for-stm32.12.3.rel1.win32_1.0.100.202403111256/tools/bin/../lib/gcc/arm-none-eabi/12.3.1/../../../../arm-none-eabi/lib/thumb/v7e-m+fp/hard\libc_nano.a(libc_a-strlen.o)
 .ARM.attributes
                0x000008ae       0x34 C:/ST/STM32CubeIDE_1.13.2/STM32CubeIDE/plugins/com.st.stm32cube.ide.mcu.externaltools.gnu-tools-for-stm32.12.3.rel1.win32_1.0.100.202403111256/tools/bin/../lib/gcc/arm-none-eabi/12.3.1/../../../../arm-none-eabi/lib/thumb/v7e-m+fp/hard\libc_nano.a(libc_a-freer.o)
 .ARM.attributes
                0x000008e2       0x34 C:/ST/STM32CubeIDE_1.13.2/STM32CubeIDE/plugins/com.st.stm32cube.ide.mcu.externaltools.gnu-tools-for-stm32.12.3.rel1.win32_1.0.100.202403111256/tools/bin/../lib/gcc/arm-none-eabi/12.3.1/../../../../arm-none-eabi/lib/thumb/v7e-m+fp/hard\libc_nano.a(libc_a-mallocr.o)
 .ARM.attributes
                0x00000916       0x34 C:/ST/STM32CubeIDE_1.13.2/STM32CubeIDE/plugins/com.st.stm32cube.ide.mcu.externaltools.gnu-tools-for-stm32.12.3.rel1.win32_1.0.100.202403111256/tools/bin/../lib/gcc/arm-none-eabi/12.3.1/../../../../arm-none-eabi/lib/thumb/v7e-m+fp/hard\libc_nano.a(libc_a-mlock.o)
 .ARM.attributes
                0x0000094a       0x34 C:/ST/STM32CubeIDE_1.13.2/STM32CubeIDE/plugins/com.st.stm32cube.ide.mcu.externaltools.gnu-tools-for-stm32.12.3.rel1.win32_1.0.100.202403111256/tools/bin/../lib/gcc/arm-none-eabi/12.3.1/../../../../arm-none-eabi/lib/thumb/v7e-m+fp/hard\libc_nano.a(libc_a-nano-vfprintf.o)
 .ARM.attributes
                0x0000097e       0x34 C:/ST/STM32CubeIDE_1.13.2/STM32CubeIDE/plugins/com.st.stm32cube.ide.mcu.externaltools.gnu-tools-for-stm32.12.3.rel1.win32_1.0.100.202403111256/tools/bin/../lib/gcc/arm-none-eabi/12.3.1/../../../../arm-none-eabi/lib/thumb/v7e-m+fp/hard\libc_nano.a(libc_a-nano-vfprintf_i.o)
 .ARM.attributes
                0x000009b2       0x34 C:/ST/STM32CubeIDE_1.13.2/STM32CubeIDE/plugins/com.st.stm32cube.ide.mcu.externaltools.gnu-tools-for-stm32.12.3.rel1.win32_1.0.100.202403111256/tools/bin/../lib/gcc/arm-none-eabi/12.3.1/../../../../arm-none-eabi/lib/thumb/v7e-m+fp/hard\libc_nano.a(libc_a-fflush.o)
 .ARM.attributes
                0x000009e6       0x34 C:/ST/STM32CubeIDE_1.13.2/STM32CubeIDE/plugins/com.st.stm32cube.ide.mcu.externaltools.gnu-tools-for-stm32.12.3.rel1.win32_1.0.100.202403111256/tools/bin/../lib/gcc/arm-none-eabi/12.3.1/../../../../arm-none-eabi/lib/thumb/v7e-m+fp/hard\libc_nano.a(libc_a-makebuf.o)
 .ARM.attributes
                0x00000a1a       0x34 C:/ST/STM32CubeIDE_1.13.2/STM32CubeIDE/plugins/com.st.stm32cube.ide.mcu.externaltools.gnu-tools-for-stm32.12.3.rel1.win32_1.0.100.202403111256/tools/bin/../lib/gcc/arm-none-eabi/12.3.1/../../../../arm-none-eabi/lib/thumb/v7e-m+fp/hard\libc_nano.a(libc_a-fstatr.o)
 .ARM.attributes
                0x00000a4e       0x34 C:/ST/STM32CubeIDE_1.13.2/STM32CubeIDE/plugins/com.st.stm32cube.ide.mcu.externaltools.gnu-tools-for-stm32.12.3.rel1.win32_1.0.100.202403111256/tools/bin/../lib/gcc/arm-none-eabi/12.3.1/../../../../arm-none-eabi/lib/thumb/v7e-m+fp/hard\libc_nano.a(libc_a-isattyr.o)
 .ARM.attributes
                0x00000a82       0x34 C:/ST/STM32CubeIDE_1.13.2/STM32CubeIDE/plugins/com.st.stm32cube.ide.mcu.externaltools.gnu-tools-for-stm32.12.3.rel1.win32_1.0.100.202403111256/tools/bin/../lib/gcc/arm-none-eabi/12.3.1/../../../../arm-none-eabi/lib/thumb/v7e-m+fp/hard\libc_nano.a(libc_a-sbrkr.o)
 .ARM.attributes
                0x00000ab6       0x1c C:/ST/STM32CubeIDE_1.13.2/STM32CubeIDE/plugins/com.st.stm32cube.ide.mcu.externaltools.gnu-tools-for-stm32.12.3.rel1.win32_1.0.100.202403111256/tools/bin/../lib/gcc/arm-none-eabi/12.3.1/../../../../arm-none-eabi/lib/thumb/v7e-m+fp/hard\libc_nano.a(libc_a-memchr.o)
 .ARM.attributes
                0x00000ad2       0x22 C:/ST/STM32CubeIDE_1.13.2/STM32CubeIDE/plugins/com.st.stm32cube.ide.mcu.externaltools.gnu-tools-for-stm32.12.3.rel1.win32_1.0.100.202403111256/tools/bin/../lib/gcc/arm-none-eabi/12.3.1/thumb/v7e-m+fp/hard\libgcc.a(_aeabi_uldivmod.o)
 .ARM.attributes
                0x00000af4       0x34 C:/ST/STM32CubeIDE_1.13.2/STM32CubeIDE/plugins/com.st.stm32cube.ide.mcu.externaltools.gnu-tools-for-stm32.12.3.rel1.win32_1.0.100.202403111256/tools/bin/../lib/gcc/arm-none-eabi/12.3.1/thumb/v7e-m+fp/hard\libgcc.a(_udivmoddi4.o)
 .ARM.attributes
                0x00000b28       0x22 C:/ST/STM32CubeIDE_1.13.2/STM32CubeIDE/plugins/com.st.stm32cube.ide.mcu.externaltools.gnu-tools-for-stm32.12.3.rel1.win32_1.0.100.202403111256/tools/bin/../lib/gcc/arm-none-eabi/12.3.1/thumb/v7e-m+fp/hard\libgcc.a(_dvmd_tls.o)
 .ARM.attributes
                0x00000b4a       0x22 C:/ST/STM32CubeIDE_1.13.2/STM32CubeIDE/plugins/com.st.stm32cube.ide.mcu.externaltools.gnu-tools-for-stm32.12.3.rel1.win32_1.0.100.202403111256/tools/bin/../lib/gcc/arm-none-eabi/12.3.1/thumb/v7e-m+fp/hard/crtn.o
OUTPUT(Bruxism_project.elf elf32-littlearm)
LOAD linker stubs
LOAD C:/ST/STM32CubeIDE_1.13.2/STM32CubeIDE/plugins/com.st.stm32cube.ide.mcu.externaltools.gnu-tools-for-stm32.12.3.rel1.win32_1.0.100.202403111256/tools/bin/../lib/gcc/arm-none-eabi/12.3.1/../../../../arm-none-eabi/lib/thumb/v7e-m+fp/hard\libc.a
LOAD C:/ST/STM32CubeIDE_1.13.2/STM32CubeIDE/plugins/com.st.stm32cube.ide.mcu.externaltools.gnu-tools-for-stm32.12.3.rel1.win32_1.0.100.202403111256/tools/bin/../lib/gcc/arm-none-eabi/12.3.1/../../../../arm-none-eabi/lib/thumb/v7e-m+fp/hard\libm.a
LOAD C:/ST/STM32CubeIDE_1.13.2/STM32CubeIDE/plugins/com.st.stm32cube.ide.mcu.externaltools.gnu-tools-for-stm32.12.3.rel1.win32_1.0.100.202403111256/tools/bin/../lib/gcc/arm-none-eabi/12.3.1/thumb/v7e-m+fp/hard\libgcc.a

.debug_info     0x00000000    0x156ce
 .debug_info    0x00000000      0xa66 ./BlueNRG-2/Target/hci_tl_interface.o
 .debug_info    0x00000a66      0x2de ./Core/Src/app_bluenrg.o
 .debug_info    0x00000d44      0xbc9 ./Core/Src/custom_bus.o
 .debug_info    0x0000190d      0xe25 ./Core/Src/main.o
 .debug_info    0x00002732      0x91a ./Core/Src/stm32f4xx_hal_msp.o
 .debug_info    0x0000304c      0x1ca ./Core/Src/stm32f4xx_it.o
 .debug_info    0x00003216      0x6a3 ./Core/Src/syscalls.o
 .debug_info    0x000038b9      0x168 ./Core/Src/sysmem.o
 .debug_info    0x00003a21      0x53e ./Core/Src/system_stm32f4xx.o
 .debug_info    0x00003f5f       0x30 ./Core/Startup/startup_stm32f411retx.o
 .debug_info    0x00003f8f      0x8c4 ./Drivers/STM32F4xx_HAL_Driver/Src/stm32f4xx_hal.o
 .debug_info    0x00004853      0xcc7 ./Drivers/STM32F4xx_HAL_Driver/Src/stm32f4xx_hal_cortex.o
 .debug_info    0x0000551a      0x503 ./Drivers/STM32F4xx_HAL_Driver/Src/stm32f4xx_hal_exti.o
 .debug_info    0x00005a1d      0x6f9 ./Drivers/STM32F4xx_HAL_Driver/Src/stm32f4xx_hal_gpio.o
 .debug_info    0x00006116      0x8f2 ./Drivers/STM32F4xx_HAL_Driver/Src/stm32f4xx_hal_rcc.o
 .debug_info    0x00006a08     0x1606 ./Drivers/STM32F4xx_HAL_Driver/Src/stm32f4xx_hal_spi.o
 .debug_info    0x0000800e     0x2f56 ./Drivers/STM32F4xx_HAL_Driver/Src/stm32f4xx_hal_uart.o
 .debug_info    0x0000af64     0x2894 ./Middlewares/ST/BlueNRG-2/hci/bluenrg1_hci_le.o
 .debug_info    0x0000d7f8     0x2d24 ./Middlewares/ST/BlueNRG-2/hci/controller/bluenrg1_gap_aci.o
 .debug_info    0x0001051c     0x312a ./Middlewares/ST/BlueNRG-2/hci/controller/bluenrg1_gatt_aci.o
 .debug_info    0x00013646     0x1103 ./Middlewares/ST/BlueNRG-2/hci/controller/bluenrg1_hal_aci.o
 .debug_info    0x00014749      0x8af ./Middlewares/ST/BlueNRG-2/hci/hci_tl_patterns/Basic/hci_tl.o
 .debug_info    0x00014ff8      0x6d6 ./Middlewares/ST/BlueNRG-2/utils/ble_list.o

.debug_abbrev   0x00000000     0x2cb4
 .debug_abbrev  0x00000000      0x2ac ./BlueNRG-2/Target/hci_tl_interface.o
 .debug_abbrev  0x000002ac      0x157 ./Core/Src/app_bluenrg.o
 .debug_abbrev  0x00000403      0x291 ./Core/Src/custom_bus.o
 .debug_abbrev  0x00000694      0x2c3 ./Core/Src/main.o
 .debug_abbrev  0x00000957      0x1ac ./Core/Src/stm32f4xx_hal_msp.o
 .debug_abbrev  0x00000b03       0xfa ./Core/Src/stm32f4xx_it.o
 .debug_abbrev  0x00000bfd      0x1b6 ./Core/Src/syscalls.o
 .debug_abbrev  0x00000db3       0xbc ./Core/Src/sysmem.o
 .debug_abbrev  0x00000e6f      0x11a ./Core/Src/system_stm32f4xx.o
 .debug_abbrev  0x00000f89       0x24 ./Core/Startup/startup_stm32f411retx.o
 .debug_abbrev  0x00000fad      0x24b ./Drivers/STM32F4xx_HAL_Driver/Src/stm32f4xx_hal.o
 .debug_abbrev  0x000011f8      0x328 ./Drivers/STM32F4xx_HAL_Driver/Src/stm32f4xx_hal_cortex.o
 .debug_abbrev  0x00001520      0x1d1 ./Drivers/STM32F4xx_HAL_Driver/Src/stm32f4xx_hal_exti.o
 .debug_abbrev  0x000016f1      0x1d3 ./Drivers/STM32F4xx_HAL_Driver/Src/stm32f4xx_hal_gpio.o
 .debug_abbrev  0x000018c4      0x2b5 ./Drivers/STM32F4xx_HAL_Driver/Src/stm32f4xx_hal_rcc.o
 .debug_abbrev  0x00001b79      0x280 ./Drivers/STM32F4xx_HAL_Driver/Src/stm32f4xx_hal_spi.o
 .debug_abbrev  0x00001df9      0x31b ./Drivers/STM32F4xx_HAL_Driver/Src/stm32f4xx_hal_uart.o
 .debug_abbrev  0x00002114      0x1c1 ./Middlewares/ST/BlueNRG-2/hci/bluenrg1_hci_le.o
 .debug_abbrev  0x000022d5      0x1c3 ./Middlewares/ST/BlueNRG-2/hci/controller/bluenrg1_gap_aci.o
 .debug_abbrev  0x00002498      0x1e4 ./Middlewares/ST/BlueNRG-2/hci/controller/bluenrg1_gatt_aci.o
 .debug_abbrev  0x0000267c      0x1dd ./Middlewares/ST/BlueNRG-2/hci/controller/bluenrg1_hal_aci.o
 .debug_abbrev  0x00002859      0x2d2 ./Middlewares/ST/BlueNRG-2/hci/hci_tl_patterns/Basic/hci_tl.o
 .debug_abbrev  0x00002b2b      0x189 ./Middlewares/ST/BlueNRG-2/utils/ble_list.o

.debug_aranges  0x00000000     0x1078
 .debug_aranges
                0x00000000       0x68 ./BlueNRG-2/Target/hci_tl_interface.o
 .debug_aranges
                0x00000068       0x28 ./Core/Src/app_bluenrg.o
 .debug_aranges
                0x00000090       0x60 ./Core/Src/custom_bus.o
 .debug_aranges
                0x000000f0       0x48 ./Core/Src/main.o
 .debug_aranges
                0x00000138       0x30 ./Core/Src/stm32f4xx_hal_msp.o
 .debug_aranges
                0x00000168       0x70 ./Core/Src/stm32f4xx_it.o
 .debug_aranges
                0x000001d8       0xa8 ./Core/Src/syscalls.o
 .debug_aranges
                0x00000280       0x20 ./Core/Src/sysmem.o
 .debug_aranges
                0x000002a0       0x28 ./Core/Src/system_stm32f4xx.o
 .debug_aranges
                0x000002c8       0x28 ./Core/Startup/startup_stm32f411retx.o
 .debug_aranges
                0x000002f0       0xf0 ./Drivers/STM32F4xx_HAL_Driver/Src/stm32f4xx_hal.o
 .debug_aranges
                0x000003e0      0x120 ./Drivers/STM32F4xx_HAL_Driver/Src/stm32f4xx_hal_cortex.o
 .debug_aranges
                0x00000500       0x60 ./Drivers/STM32F4xx_HAL_Driver/Src/stm32f4xx_hal_exti.o
 .debug_aranges
                0x00000560       0x58 ./Drivers/STM32F4xx_HAL_Driver/Src/stm32f4xx_hal_gpio.o
 .debug_aranges
                0x000005b8       0x88 ./Drivers/STM32F4xx_HAL_Driver/Src/stm32f4xx_hal_rcc.o
 .debug_aranges
                0x00000640      0x1d0 ./Drivers/STM32F4xx_HAL_Driver/Src/stm32f4xx_hal_spi.o
 .debug_aranges
                0x00000810      0x208 ./Drivers/STM32F4xx_HAL_Driver/Src/stm32f4xx_hal_uart.o
 .debug_aranges
                0x00000a18      0x1c8 ./Middlewares/ST/BlueNRG-2/hci/bluenrg1_hci_le.o
 .debug_aranges
                0x00000be0      0x168 ./Middlewares/ST/BlueNRG-2/hci/controller/bluenrg1_gap_aci.o
 .debug_aranges
                0x00000d48      0x180 ./Middlewares/ST/BlueNRG-2/hci/controller/bluenrg1_gatt_aci.o
 .debug_aranges
                0x00000ec8       0xd8 ./Middlewares/ST/BlueNRG-2/hci/controller/bluenrg1_hal_aci.o
 .debug_aranges
                0x00000fa0       0x60 ./Middlewares/ST/BlueNRG-2/hci/hci_tl_patterns/Basic/hci_tl.o
 .debug_aranges
                0x00001000       0x78 ./Middlewares/ST/BlueNRG-2/utils/ble_list.o

.debug_rnglists
                0x00000000      0xce7
 .debug_rnglists
                0x00000000       0x4c ./BlueNRG-2/Target/hci_tl_interface.o
 .debug_rnglists
                0x0000004c       0x1a ./Core/Src/app_bluenrg.o
 .debug_rnglists
                0x00000066       0x44 ./Core/Src/custom_bus.o
 .debug_rnglists
                0x000000aa       0x33 ./Core/Src/main.o
 .debug_rnglists
                0x000000dd       0x20 ./Core/Src/stm32f4xx_hal_msp.o
 .debug_rnglists
                0x000000fd       0x4f ./Core/Src/stm32f4xx_it.o
 .debug_rnglists
                0x0000014c       0x79 ./Core/Src/syscalls.o
 .debug_rnglists
                0x000001c5       0x13 ./Core/Src/sysmem.o
 .debug_rnglists
                0x000001d8       0x1a ./Core/Src/system_stm32f4xx.o
 .debug_rnglists
                0x000001f2       0x19 ./Core/Startup/startup_stm32f411retx.o
 .debug_rnglists
                0x0000020b       0xaf ./Drivers/STM32F4xx_HAL_Driver/Src/stm32f4xx_hal.o
 .debug_rnglists
                0x000002ba       0xd4 ./Drivers/STM32F4xx_HAL_Driver/Src/stm32f4xx_hal_cortex.o
 .debug_rnglists
                0x0000038e       0x46 ./Drivers/STM32F4xx_HAL_Driver/Src/stm32f4xx_hal_exti.o
 .debug_rnglists
                0x000003d4       0x3f ./Drivers/STM32F4xx_HAL_Driver/Src/stm32f4xx_hal_gpio.o
 .debug_rnglists
                0x00000413       0x66 ./Drivers/STM32F4xx_HAL_Driver/Src/stm32f4xx_hal_rcc.o
 .debug_rnglists
                0x00000479      0x16f ./Drivers/STM32F4xx_HAL_Driver/Src/stm32f4xx_hal_spi.o
 .debug_rnglists
                0x000005e8      0x1bc ./Drivers/STM32F4xx_HAL_Driver/Src/stm32f4xx_hal_uart.o
 .debug_rnglists
                0x000007a4      0x177 ./Middlewares/ST/BlueNRG-2/hci/bluenrg1_hci_le.o
 .debug_rnglists
                0x0000091b      0x130 ./Middlewares/ST/BlueNRG-2/hci/controller/bluenrg1_gap_aci.o
 .debug_rnglists
                0x00000a4b      0x147 ./Middlewares/ST/BlueNRG-2/hci/controller/bluenrg1_gatt_aci.o
 .debug_rnglists
                0x00000b92       0xaa ./Middlewares/ST/BlueNRG-2/hci/controller/bluenrg1_hal_aci.o
 .debug_rnglists
                0x00000c3c       0x56 ./Middlewares/ST/BlueNRG-2/hci/hci_tl_patterns/Basic/hci_tl.o
 .debug_rnglists
                0x00000c92       0x55 ./Middlewares/ST/BlueNRG-2/utils/ble_list.o

.debug_macro    0x00000000    0x195a6
 .debug_macro   0x00000000      0x315 ./BlueNRG-2/Target/hci_tl_interface.o
 .debug_macro   0x00000315      0xab4 ./BlueNRG-2/Target/hci_tl_interface.o
 .debug_macro   0x00000dc9       0x16 ./BlueNRG-2/Target/hci_tl_interface.o
 .debug_macro   0x00000ddf      0x29b ./BlueNRG-2/Target/hci_tl_interface.o
 .debug_macro   0x0000107a       0x2e ./BlueNRG-2/Target/hci_tl_interface.o
 .debug_macro   0x000010a8       0x28 ./BlueNRG-2/Target/hci_tl_interface.o
 .debug_macro   0x000010d0       0x22 ./BlueNRG-2/Target/hci_tl_interface.o
 .debug_macro   0x000010f2       0x8e ./BlueNRG-2/Target/hci_tl_interface.o
 .debug_macro   0x00001180       0x51 ./BlueNRG-2/Target/hci_tl_interface.o
 .debug_macro   0x000011d1      0x103 ./BlueNRG-2/Target/hci_tl_interface.o
 .debug_macro   0x000012d4       0x6a ./BlueNRG-2/Target/hci_tl_interface.o
 .debug_macro   0x0000133e      0x1df ./BlueNRG-2/Target/hci_tl_interface.o
 .debug_macro   0x0000151d       0x1c ./BlueNRG-2/Target/hci_tl_interface.o
 .debug_macro   0x00001539       0x22 ./BlueNRG-2/Target/hci_tl_interface.o
 .debug_macro   0x0000155b       0xfb ./BlueNRG-2/Target/hci_tl_interface.o
 .debug_macro   0x00001656     0x1011 ./BlueNRG-2/Target/hci_tl_interface.o
 .debug_macro   0x00002667      0x11f ./BlueNRG-2/Target/hci_tl_interface.o
 .debug_macro   0x00002786     0xb953 ./BlueNRG-2/Target/hci_tl_interface.o
 .debug_macro   0x0000e0d9       0x6d ./BlueNRG-2/Target/hci_tl_interface.o
 .debug_macro   0x0000e146     0x368c ./BlueNRG-2/Target/hci_tl_interface.o
 .debug_macro   0x000117d2      0x189 ./BlueNRG-2/Target/hci_tl_interface.o
 .debug_macro   0x0001195b       0x5c ./BlueNRG-2/Target/hci_tl_interface.o
 .debug_macro   0x000119b7      0x45c ./BlueNRG-2/Target/hci_tl_interface.o
 .debug_macro   0x00011e13      0x9e9 ./BlueNRG-2/Target/hci_tl_interface.o
 .debug_macro   0x000127fc      0x115 ./BlueNRG-2/Target/hci_tl_interface.o
 .debug_macro   0x00012911      0x11b ./BlueNRG-2/Target/hci_tl_interface.o
 .debug_macro   0x00012a2c       0xa5 ./BlueNRG-2/Target/hci_tl_interface.o
 .debug_macro   0x00012ad1      0x15f ./BlueNRG-2/Target/hci_tl_interface.o
 .debug_macro   0x00012c30      0x287 ./BlueNRG-2/Target/hci_tl_interface.o
 .debug_macro   0x00012eb7       0x5f ./BlueNRG-2/Target/hci_tl_interface.o
 .debug_macro   0x00012f16      0x236 ./BlueNRG-2/Target/hci_tl_interface.o
 .debug_macro   0x0001314c      0x132 ./BlueNRG-2/Target/hci_tl_interface.o
 .debug_macro   0x0001327e      0x264 ./BlueNRG-2/Target/hci_tl_interface.o
 .debug_macro   0x000134e2       0x2e ./BlueNRG-2/Target/hci_tl_interface.o
 .debug_macro   0x00013510      0x127 ./BlueNRG-2/Target/hci_tl_interface.o
 .debug_macro   0x00013637       0x85 ./BlueNRG-2/Target/hci_tl_interface.o
 .debug_macro   0x000136bc       0x89 ./BlueNRG-2/Target/hci_tl_interface.o
 .debug_macro   0x00013745      0x225 ./BlueNRG-2/Target/hci_tl_interface.o
 .debug_macro   0x0001396a      0x2aa ./BlueNRG-2/Target/hci_tl_interface.o
 .debug_macro   0x00013c14      0x126 ./BlueNRG-2/Target/hci_tl_interface.o
 .debug_macro   0x00013d3a       0x28 ./BlueNRG-2/Target/hci_tl_interface.o
 .debug_macro   0x00013d62       0x82 ./BlueNRG-2/Target/hci_tl_interface.o
 .debug_macro   0x00013de4       0x6a ./BlueNRG-2/Target/hci_tl_interface.o
 .debug_macro   0x00013e4e       0x40 ./BlueNRG-2/Target/hci_tl_interface.o
 .debug_macro   0x00013e8e       0x46 ./BlueNRG-2/Target/hci_tl_interface.o
 .debug_macro   0x00013ed4       0x61 ./BlueNRG-2/Target/hci_tl_interface.o
 .debug_macro   0x00013f35       0x2a ./BlueNRG-2/Target/hci_tl_interface.o
 .debug_macro   0x00013f5f       0x43 ./BlueNRG-2/Target/hci_tl_interface.o
 .debug_macro   0x00013fa2       0x34 ./BlueNRG-2/Target/hci_tl_interface.o
 .debug_macro   0x00013fd6       0x16 ./BlueNRG-2/Target/hci_tl_interface.o
 .debug_macro   0x00013fec       0x43 ./BlueNRG-2/Target/hci_tl_interface.o
 .debug_macro   0x0001402f       0x34 ./BlueNRG-2/Target/hci_tl_interface.o
 .debug_macro   0x00014063       0x10 ./BlueNRG-2/Target/hci_tl_interface.o
 .debug_macro   0x00014073       0x58 ./BlueNRG-2/Target/hci_tl_interface.o
 .debug_macro   0x000140cb       0x8e ./BlueNRG-2/Target/hci_tl_interface.o
 .debug_macro   0x00014159       0x1c ./BlueNRG-2/Target/hci_tl_interface.o
 .debug_macro   0x00014175      0x177 ./BlueNRG-2/Target/hci_tl_interface.o
 .debug_macro   0x000142ec      0x369 ./BlueNRG-2/Target/hci_tl_interface.o
 .debug_macro   0x00014655       0x10 ./BlueNRG-2/Target/hci_tl_interface.o
 .debug_macro   0x00014665       0x35 ./BlueNRG-2/Target/hci_tl_interface.o
 .debug_macro   0x0001469a       0x20 ./BlueNRG-2/Target/hci_tl_interface.o
 .debug_macro   0x000146ba       0xa0 ./BlueNRG-2/Target/hci_tl_interface.o
 .debug_macro   0x0001475a      0x424 ./Core/Src/app_bluenrg.o
 .debug_macro   0x00014b7e       0x56 ./Core/Src/app_bluenrg.o
 .debug_macro   0x00014bd4      0x17e ./Core/Src/app_bluenrg.o
 .debug_macro   0x00014d52       0x9c ./Core/Src/app_bluenrg.o
 .debug_macro   0x00014dee       0x2e ./Core/Src/app_bluenrg.o
 .debug_macro   0x00014e1c      0x389 ./Core/Src/app_bluenrg.o
 .debug_macro   0x000151a5       0x52 ./Core/Src/app_bluenrg.o
 .debug_macro   0x000151f7      0x19a ./Core/Src/app_bluenrg.o
 .debug_macro   0x00015391      0x166 ./Core/Src/app_bluenrg.o
 .debug_macro   0x000154f7      0x103 ./Core/Src/app_bluenrg.o
 .debug_macro   0x000155fa       0x1c ./Core/Src/app_bluenrg.o
 .debug_macro   0x00015616       0x10 ./Core/Src/app_bluenrg.o
 .debug_macro   0x00015626       0x1c ./Core/Src/app_bluenrg.o
 .debug_macro   0x00015642       0x16 ./Core/Src/app_bluenrg.o
 .debug_macro   0x00015658      0x146 ./Core/Src/app_bluenrg.o
 .debug_macro   0x0001579e       0x16 ./Core/Src/app_bluenrg.o
 .debug_macro   0x000157b4       0x16 ./Core/Src/app_bluenrg.o
 .debug_macro   0x000157ca       0x29 ./Core/Src/app_bluenrg.o
 .debug_macro   0x000157f3      0x1eb ./Core/Src/custom_bus.o
 .debug_macro   0x000159de      0x2e5 ./Core/Src/main.o
 .debug_macro   0x00015cc3       0x22 ./Core/Src/main.o
 .debug_macro   0x00015ce5       0x16 ./Core/Src/main.o
 .debug_macro   0x00015cfb       0x16 ./Core/Src/main.o
 .debug_macro   0x00015d11      0x203 ./Core/Src/stm32f4xx_hal_msp.o
 .debug_macro   0x00015f14      0x20d ./Core/Src/stm32f4xx_it.o
 .debug_macro   0x00016121      0x274 ./Core/Src/syscalls.o
 .debug_macro   0x00016395       0x5b ./Core/Src/syscalls.o
 .debug_macro   0x000163f0       0x94 ./Core/Src/syscalls.o
 .debug_macro   0x00016484       0x57 ./Core/Src/syscalls.o
 .debug_macro   0x000164db       0x10 ./Core/Src/syscalls.o
 .debug_macro   0x000164eb       0x10 ./Core/Src/syscalls.o
 .debug_macro   0x000164fb       0x10 ./Core/Src/syscalls.o
 .debug_macro   0x0001650b       0x10 ./Core/Src/syscalls.o
 .debug_macro   0x0001651b       0x1c ./Core/Src/syscalls.o
 .debug_macro   0x00016537       0x52 ./Core/Src/syscalls.o
 .debug_macro   0x00016589       0x22 ./Core/Src/syscalls.o
 .debug_macro   0x000165ab       0x10 ./Core/Src/syscalls.o
 .debug_macro   0x000165bb       0x52 ./Core/Src/syscalls.o
 .debug_macro   0x0001660d       0xcf ./Core/Src/syscalls.o
 .debug_macro   0x000166dc       0x1c ./Core/Src/syscalls.o
 .debug_macro   0x000166f8       0x3d ./Core/Src/syscalls.o
 .debug_macro   0x00016735       0x35 ./Core/Src/syscalls.o
 .debug_macro   0x0001676a      0x12c ./Core/Src/syscalls.o
 .debug_macro   0x00016896       0x10 ./Core/Src/syscalls.o
 .debug_macro   0x000168a6      0x242 ./Core/Src/syscalls.o
 .debug_macro   0x00016ae8       0x10 ./Core/Src/syscalls.o
 .debug_macro   0x00016af8      0x18a ./Core/Src/syscalls.o
 .debug_macro   0x00016c82       0x16 ./Core/Src/syscalls.o
 .debug_macro   0x00016c98       0xce ./Core/Src/syscalls.o
 .debug_macro   0x00016d66       0xff ./Core/Src/sysmem.o
 .debug_macro   0x00016e65      0x23c ./Core/Src/sysmem.o
 .debug_macro   0x000170a1      0x1c4 ./Core/Src/system_stm32f4xx.o
 .debug_macro   0x00017265      0x224 ./Drivers/STM32F4xx_HAL_Driver/Src/stm32f4xx_hal.o
 .debug_macro   0x00017489      0x1c4 ./Drivers/STM32F4xx_HAL_Driver/Src/stm32f4xx_hal_cortex.o
 .debug_macro   0x0001764d      0x1c4 ./Drivers/STM32F4xx_HAL_Driver/Src/stm32f4xx_hal_exti.o
 .debug_macro   0x00017811      0x1ca ./Drivers/STM32F4xx_HAL_Driver/Src/stm32f4xx_hal_gpio.o
 .debug_macro   0x000179db      0x1e8 ./Drivers/STM32F4xx_HAL_Driver/Src/stm32f4xx_hal_rcc.o
 .debug_macro   0x00017bc3      0x1d3 ./Drivers/STM32F4xx_HAL_Driver/Src/stm32f4xx_hal_spi.o
 .debug_macro   0x00017d96      0x1c5 ./Drivers/STM32F4xx_HAL_Driver/Src/stm32f4xx_hal_uart.o
 .debug_macro   0x00017f5b      0x37e ./Middlewares/ST/BlueNRG-2/hci/bluenrg1_hci_le.o
 .debug_macro   0x000182d9      0x37e ./Middlewares/ST/BlueNRG-2/hci/controller/bluenrg1_gap_aci.o
 .debug_macro   0x00018657      0x37e ./Middlewares/ST/BlueNRG-2/hci/controller/bluenrg1_gatt_aci.o
 .debug_macro   0x000189d5      0x37e ./Middlewares/ST/BlueNRG-2/hci/controller/bluenrg1_hal_aci.o
 .debug_macro   0x00018d53      0x3a4 ./Middlewares/ST/BlueNRG-2/hci/hci_tl_patterns/Basic/hci_tl.o
 .debug_macro   0x000190f7      0x2b0 ./Middlewares/ST/BlueNRG-2/utils/ble_list.o
 .debug_macro   0x000193a7       0x9e ./Middlewares/ST/BlueNRG-2/utils/ble_list.o
 .debug_macro   0x00019445      0x10b ./Middlewares/ST/BlueNRG-2/utils/ble_list.o
 .debug_macro   0x00019550       0x56 ./Middlewares/ST/BlueNRG-2/utils/ble_list.o

.debug_line     0x00000000    0x15241
 .debug_line    0x00000000      0xbb1 ./BlueNRG-2/Target/hci_tl_interface.o
 .debug_line    0x00000bb1      0xb81 ./Core/Src/app_bluenrg.o
 .debug_line    0x00001732      0x8e3 ./Core/Src/custom_bus.o
 .debug_line    0x00002015      0xa1e ./Core/Src/main.o
 .debug_line    0x00002a33      0x7de ./Core/Src/stm32f4xx_hal_msp.o
 .debug_line    0x00003211      0x884 ./Core/Src/stm32f4xx_it.o
 .debug_line    0x00003a95      0x8b2 ./Core/Src/syscalls.o
 .debug_line    0x00004347      0x583 ./Core/Src/sysmem.o
 .debug_line    0x000048ca      0x7b9 ./Core/Src/system_stm32f4xx.o
 .debug_line    0x00005083       0x7a ./Core/Startup/startup_stm32f411retx.o
 .debug_line    0x000050fd      0xa22 ./Drivers/STM32F4xx_HAL_Driver/Src/stm32f4xx_hal.o
 .debug_line    0x00005b1f      0xcea ./Drivers/STM32F4xx_HAL_Driver/Src/stm32f4xx_hal_cortex.o
 .debug_line    0x00006809      0xa2e ./Drivers/STM32F4xx_HAL_Driver/Src/stm32f4xx_hal_exti.o
 .debug_line    0x00007237      0xb72 ./Drivers/STM32F4xx_HAL_Driver/Src/stm32f4xx_hal_gpio.o
 .debug_line    0x00007da9      0xd95 ./Drivers/STM32F4xx_HAL_Driver/Src/stm32f4xx_hal_rcc.o
 .debug_line    0x00008b3e     0x1d1d ./Drivers/STM32F4xx_HAL_Driver/Src/stm32f4xx_hal_spi.o
 .debug_line    0x0000a85b     0x28f4 ./Drivers/STM32F4xx_HAL_Driver/Src/stm32f4xx_hal_uart.o
 .debug_line    0x0000d14f     0x1be2 ./Middlewares/ST/BlueNRG-2/hci/bluenrg1_hci_le.o
 .debug_line    0x0000ed31     0x1beb ./Middlewares/ST/BlueNRG-2/hci/controller/bluenrg1_gap_aci.o
 .debug_line    0x0001091c     0x1dcf ./Middlewares/ST/BlueNRG-2/hci/controller/bluenrg1_gatt_aci.o